Archive member included to satisfy reference by file (symbol)

/home/manar/st/stm32cubeide_1.3.0/plugins/com.st.stm32cube.ide.mcu.externaltools.gnu-tools-for-stm32.7-2018-q2-update.linux64_1.0.0.201904181610/tools/bin/../lib/gcc/arm-none-eabi/7.3.1/../../../../arm-none-eabi/lib/thumb/v8-m.main/fpv5-sp/hard/libc_nano.a(lib_a-errno.o)
                              Src/syscalls.o (__errno)
/home/manar/st/stm32cubeide_1.3.0/plugins/com.st.stm32cube.ide.mcu.externaltools.gnu-tools-for-stm32.7-2018-q2-update.linux64_1.0.0.201904181610/tools/bin/../lib/gcc/arm-none-eabi/7.3.1/../../../../arm-none-eabi/lib/thumb/v8-m.main/fpv5-sp/hard/libc_nano.a(lib_a-exit.o)
                              /home/manar/st/stm32cubeide_1.3.0/plugins/com.st.stm32cube.ide.mcu.externaltools.gnu-tools-for-stm32.7-2018-q2-update.linux64_1.0.0.201904181610/tools/bin/../lib/gcc/arm-none-eabi/7.3.1/../../../../arm-none-eabi/lib/thumb/v8-m.main/fpv5-sp/hard/crt0.o (exit)
/home/manar/st/stm32cubeide_1.3.0/plugins/com.st.stm32cube.ide.mcu.externaltools.gnu-tools-for-stm32.7-2018-q2-update.linux64_1.0.0.201904181610/tools/bin/../lib/gcc/arm-none-eabi/7.3.1/../../../../arm-none-eabi/lib/thumb/v8-m.main/fpv5-sp/hard/libc_nano.a(lib_a-impure.o)
                              /home/manar/st/stm32cubeide_1.3.0/plugins/com.st.stm32cube.ide.mcu.externaltools.gnu-tools-for-stm32.7-2018-q2-update.linux64_1.0.0.201904181610/tools/bin/../lib/gcc/arm-none-eabi/7.3.1/../../../../arm-none-eabi/lib/thumb/v8-m.main/fpv5-sp/hard/libc_nano.a(lib_a-exit.o) (_global_impure_ptr)
/home/manar/st/stm32cubeide_1.3.0/plugins/com.st.stm32cube.ide.mcu.externaltools.gnu-tools-for-stm32.7-2018-q2-update.linux64_1.0.0.201904181610/tools/bin/../lib/gcc/arm-none-eabi/7.3.1/../../../../arm-none-eabi/lib/thumb/v8-m.main/fpv5-sp/hard/libc_nano.a(lib_a-init.o)
                              /home/manar/st/stm32cubeide_1.3.0/plugins/com.st.stm32cube.ide.mcu.externaltools.gnu-tools-for-stm32.7-2018-q2-update.linux64_1.0.0.201904181610/tools/bin/../lib/gcc/arm-none-eabi/7.3.1/../../../../arm-none-eabi/lib/thumb/v8-m.main/fpv5-sp/hard/crt0.o (__libc_init_array)
/home/manar/st/stm32cubeide_1.3.0/plugins/com.st.stm32cube.ide.mcu.externaltools.gnu-tools-for-stm32.7-2018-q2-update.linux64_1.0.0.201904181610/tools/bin/../lib/gcc/arm-none-eabi/7.3.1/../../../../arm-none-eabi/lib/thumb/v8-m.main/fpv5-sp/hard/libc_nano.a(lib_a-memcpy-stub.o)
                              Middlewares/ST/BlueNRG-MS/hci/controller/bluenrg_gap_aci.o (memcpy)
/home/manar/st/stm32cubeide_1.3.0/plugins/com.st.stm32cube.ide.mcu.externaltools.gnu-tools-for-stm32.7-2018-q2-update.linux64_1.0.0.201904181610/tools/bin/../lib/gcc/arm-none-eabi/7.3.1/../../../../arm-none-eabi/lib/thumb/v8-m.main/fpv5-sp/hard/libc_nano.a(lib_a-memset.o)
                              /home/manar/st/stm32cubeide_1.3.0/plugins/com.st.stm32cube.ide.mcu.externaltools.gnu-tools-for-stm32.7-2018-q2-update.linux64_1.0.0.201904181610/tools/bin/../lib/gcc/arm-none-eabi/7.3.1/../../../../arm-none-eabi/lib/thumb/v8-m.main/fpv5-sp/hard/crt0.o (memset)
/home/manar/st/stm32cubeide_1.3.0/plugins/com.st.stm32cube.ide.mcu.externaltools.gnu-tools-for-stm32.7-2018-q2-update.linux64_1.0.0.201904181610/tools/bin/../lib/gcc/arm-none-eabi/7.3.1/../../../../arm-none-eabi/lib/thumb/v8-m.main/fpv5-sp/hard/libc_nano.a(lib_a-printf.o)
                              Src/app_bluenrg_ms.o (printf)
/home/manar/st/stm32cubeide_1.3.0/plugins/com.st.stm32cube.ide.mcu.externaltools.gnu-tools-for-stm32.7-2018-q2-update.linux64_1.0.0.201904181610/tools/bin/../lib/gcc/arm-none-eabi/7.3.1/../../../../arm-none-eabi/lib/thumb/v8-m.main/fpv5-sp/hard/libc_nano.a(lib_a-putchar.o)
                              Src/hci_tl_interface.o (putchar)
/home/manar/st/stm32cubeide_1.3.0/plugins/com.st.stm32cube.ide.mcu.externaltools.gnu-tools-for-stm32.7-2018-q2-update.linux64_1.0.0.201904181610/tools/bin/../lib/gcc/arm-none-eabi/7.3.1/../../../../arm-none-eabi/lib/thumb/v8-m.main/fpv5-sp/hard/libc_nano.a(lib_a-puts.o)
                              Middlewares/ST/BlueNRG-MS/hci/controller/bluenrg_gap_aci.o (puts)
/home/manar/st/stm32cubeide_1.3.0/plugins/com.st.stm32cube.ide.mcu.externaltools.gnu-tools-for-stm32.7-2018-q2-update.linux64_1.0.0.201904181610/tools/bin/../lib/gcc/arm-none-eabi/7.3.1/../../../../arm-none-eabi/lib/thumb/v8-m.main/fpv5-sp/hard/libc_nano.a(lib_a-rand.o)
                              Src/app_bluenrg_ms.o (srand)
/home/manar/st/stm32cubeide_1.3.0/plugins/com.st.stm32cube.ide.mcu.externaltools.gnu-tools-for-stm32.7-2018-q2-update.linux64_1.0.0.201904181610/tools/bin/../lib/gcc/arm-none-eabi/7.3.1/../../../../arm-none-eabi/lib/thumb/v8-m.main/fpv5-sp/hard/libc_nano.a(lib_a-strlen.o)
                              Src/app_bluenrg_ms.o (strlen)
[...]
Memory Configuration

Name             Origin             Length             Attributes
RAM              0x0000000020000000 0x0000000000030000 xrw
ROM              0x0000000008000000 0x0000000000080000 xr
*default*        0x0000000000000000 0xffffffffffffffff

Linker script and memory map

LOAD /home/manar/st/stm32cubeide_1.3.0/plugins/com.st.stm32cube.ide.mcu.externaltools.gnu-tools-for-stm32.7-2018-q2-update.linux64_1.0.0.201904181610/tools/bin/../lib/gcc/arm-none-eabi/7.3.1/thumb/v8-m.main/fpv5-sp/hard/crti.o
LOAD /home/manar/st/stm32cubeide_1.3.0/plugins/com.st.stm32cube.ide.mcu.externaltools.gnu-tools-for-stm32.7-2018-q2-update.linux64_1.0.0.201904181610/tools/bin/../lib/gcc/arm-none-eabi/7.3.1/thumb/v8-m.main/fpv5-sp/hard/crtbegin.o
LOAD /home/manar/st/stm32cubeide_1.3.0/plugins/com.st.stm32cube.ide.mcu.externaltools.gnu-tools-for-stm32.7-2018-q2-update.linux64_1.0.0.201904181610/tools/bin/../lib/gcc/arm-none-eabi/7.3.1/../../../../arm-none-eabi/lib/thumb/v8-m.main/fpv5-sp/hard/crt0.o
LOAD Drivers/BSP/STM32L5xx_Nucleo/stm32l5xx_nucleo.o
LOAD Drivers/STM32L5xx_HAL_Driver/Src/stm32l5xx_hal.o
LOAD Drivers/STM32L5xx_HAL_Driver/Src/stm32l5xx_hal_cortex.o
LOAD Drivers/STM32L5xx_HAL_Driver/Src/stm32l5xx_hal_dma.o
LOAD Drivers/STM32L5xx_HAL_Driver/Src/stm32l5xx_hal_dma_ex.o
LOAD Drivers/STM32L5xx_HAL_Driver/Src/stm32l5xx_hal_exti.o
LOAD Drivers/STM32L5xx_HAL_Driver/Src/stm32l5xx_hal_flash.o
LOAD Drivers/STM32L5xx_HAL_Driver/Src/stm32l5xx_hal_flash_ex.o
LOAD Drivers/STM32L5xx_HAL_Driver/Src/stm32l5xx_hal_flash_ramfunc.o
LOAD Drivers/STM32L5xx_HAL_Driver/Src/stm32l5xx_hal_gpio.o
LOAD Drivers/STM32L5xx_HAL_Driver/Src/stm32l5xx_hal_gtzc.o
LOAD Drivers/STM32L5xx_HAL_Driver/Src/stm32l5xx_hal_i2c.o
LOAD Drivers/STM32L5xx_HAL_Driver/Src/stm32l5xx_hal_i2c_ex.o
LOAD Drivers/STM32L5xx_HAL_Driver/Src/stm32l5xx_hal_icache.o
LOAD Drivers/STM32L5xx_HAL_Driver/Src/stm32l5xx_hal_pwr.o
LOAD Drivers/STM32L5xx_HAL_Driver/Src/stm32l5xx_hal_pwr_ex.o
LOAD Drivers/STM32L5xx_HAL_Driver/Src/stm32l5xx_hal_rcc.o
LOAD Drivers/STM32L5xx_HAL_Driver/Src/stm32l5xx_hal_rcc_ex.o
LOAD Drivers/STM32L5xx_HAL_Driver/Src/stm32l5xx_hal_spi.o
LOAD Drivers/STM32L5xx_HAL_Driver/Src/stm32l5xx_hal_spi_ex.o
LOAD Drivers/STM32L5xx_HAL_Driver/Src/stm32l5xx_hal_tim.o
LOAD Drivers/STM32L5xx_HAL_Driver/Src/stm32l5xx_hal_tim_ex.o
LOAD Drivers/STM32L5xx_HAL_Driver/Src/stm32l5xx_hal_uart.o
LOAD Drivers/STM32L5xx_HAL_Driver/Src/stm32l5xx_hal_uart_ex.o
LOAD Middlewares/ST/BlueNRG-MS/hci/controller/bluenrg_gap_aci.o
LOAD Middlewares/ST/BlueNRG-MS/hci/controller/bluenrg_gatt_aci.o
LOAD Middlewares/ST/BlueNRG-MS/hci/controller/bluenrg_hal_aci.o
LOAD Middlewares/ST/BlueNRG-MS/hci/controller/bluenrg_l2cap_aci.o
LOAD Middlewares/ST/BlueNRG-MS/hci/controller/bluenrg_updater_aci.o
LOAD Middlewares/ST/BlueNRG-MS/hci/controller/bluenrg_utils_small.o
LOAD Middlewares/ST/BlueNRG-MS/hci/hci_le.o
LOAD Middlewares/ST/BlueNRG-MS/hci/hci_tl_patterns/Basic/hci_tl.o
LOAD Middlewares/ST/BlueNRG-MS/utils/ble_list.o
LOAD Src/app_bluenrg_ms.o
LOAD Src/gatt_db.o
LOAD Src/hci_tl_interface.o
LOAD Src/main.o
LOAD Src/sensor.o
LOAD Src/stm32l5xx_hal_msp.o
LOAD Src/stm32l5xx_it.o
LOAD Src/stm32l5xx_nucleo_bus.o
LOAD Src/syscalls.o
LOAD Src/sysmem.o
LOAD Src/system_stm32l5xx.o
LOAD Startup/startup_stm32l552zetxq.o
START GROUP
LOAD /home/manar/st/stm32cubeide_1.3.0/plugins/com.st.stm32cube.ide.mcu.externaltools.gnu-tools-for-stm32.7-2018-q2-update.linux64_1.0.0.201904181610/tools/bin/../lib/gcc/arm-none-eabi/7.3.1/../../../../arm-none-eabi/lib/thumb/v8-m.main/fpv5-sp/hard/libc_nano.a
LOAD /home/manar/st/stm32cubeide_1.3.0/plugins/com.st.stm32cube.ide.mcu.externaltools.gnu-tools-for-stm32.7-2018-q2-update.linux64_1.0.0.201904181610/tools/bin/../lib/gcc/arm-none-eabi/7.3.1/../../../../arm-none-eabi/lib/thumb/v8-m.main/fpv5-sp/hard/libm.a
END GROUP
START GROUP
LOAD /home/manar/st/stm32cubeide_1.3.0/plugins/com.st.stm32cube.ide.mcu.externaltools.gnu-tools-for-stm32.7-2018-q2-update.linux64_1.0.0.201904181610/tools/bin/../lib/gcc/arm-none-eabi/7.3.1/thumb/v8-m.main/fpv5-sp/hard/libgcc.a
LOAD /home/manar/st/stm32cubeide_1.3.0/plugins/com.st.stm32cube.ide.mcu.externaltools.gnu-tools-for-stm32.7-2018-q2-update.linux64_1.0.0.201904181610/tools/bin/../lib/gcc/arm-none-eabi/7.3.1/../../../../arm-none-eabi/lib/thumb/v8-m.main/fpv5-sp/hard/libc_nano.a
END GROUP
START GROUP
LOAD /home/manar/st/stm32cubeide_1.3.0/plugins/com.st.stm32cube.ide.mcu.externaltools.gnu-tools-for-stm32.7-2018-q2-update.linux64_1.0.0.201904181610/tools/bin/../lib/gcc/arm-none-eabi/7.3.1/thumb/v8-m.main/fpv5-sp/hard/libgcc.a
LOAD /home/manar/st/stm32cubeide_1.3.0/plugins/com.st.stm32cube.ide.mcu.externaltools.gnu-tools-for-stm32.7-2018-q2-update.linux64_1.0.0.201904181610/tools/bin/../lib/gcc/arm-none-eabi/7.3.1/../../../../arm-none-eabi/lib/thumb/v8-m.main/fpv5-sp/hard/libc_nano.a
LOAD /home/manar/st/stm32cubeide_1.3.0/plugins/com.st.stm32cube.ide.mcu.externaltools.gnu-tools-for-stm32.7-2018-q2-update.linux64_1.0.0.201904181610/tools/bin/../lib/gcc/arm-none-eabi/7.3.1/../../../../arm-none-eabi/lib/thumb/v8-m.main/fpv5-sp/hard/libnosys.a
END GROUP
START GROUP
LOAD /home/manar/st/stm32cubeide_1.3.0/plugins/com.st.stm32cube.ide.mcu.externaltools.gnu-tools-for-stm32.7-2018-q2-update.linux64_1.0.0.201904181610/tools/bin/../lib/gcc/arm-none-eabi/7.3.1/thumb/v8-m.main/fpv5-sp/hard/libgcc.a
LOAD /home/manar/st/stm32cubeide_1.3.0/plugins/com.st.stm32cube.ide.mcu.externaltools.gnu-tools-for-stm32.7-2018-q2-update.linux64_1.0.0.201904181610/tools/bin/../lib/gcc/arm-none-eabi/7.3.1/../../../../arm-none-eabi/lib/thumb/v8-m.main/fpv5-sp/hard/libc_nano.a
LOAD /home/manar/st/stm32cubeide_1.3.0/plugins/com.st.stm32cube.ide.mcu.externaltools.gnu-tools-for-stm32.7-2018-q2-update.linux64_1.0.0.201904181610/tools/bin/../lib/gcc/arm-none-eabi/7.3.1/../../../../arm-none-eabi/lib/thumb/v8-m.main/fpv5-sp/hard/libnosys.a
END GROUP
LOAD /home/manar/st/stm32cubeide_1.3.0/plugins/com.st.stm32cube.ide.mcu.externaltools.gnu-tools-for-stm32.7-2018-q2-update.linux64_1.0.0.201904181610/tools/bin/../lib/gcc/arm-none-eabi/7.3.1/thumb/v8-m.main/fpv5-sp/hard/crtend.o
LOAD /home/manar/st/stm32cubeide_1.3.0/plugins/com.st.stm32cube.ide.mcu.externaltools.gnu-tools-for-stm32.7-2018-q2-update.linux64_1.0.0.201904181610/tools/bin/../lib/gcc/arm-none-eabi/7.3.1/thumb/v8-m.main/fpv5-sp/hard/crtn.o
                0x0000000020030000                _estack = (ORIGIN (RAM) + LENGTH (RAM))
                0x0000000000000200                _Min_Heap_Size = 0x200
                0x0000000000000400                _Min_Stack_Size = 0x400

.isr_vector     0x0000000008000000      0x1f8
                0x0000000008000000                . = ALIGN (0x8)
 *(.isr_vector)
 .isr_vector    0x0000000008000000      0x1f4 Startup/startup_stm32l552zetxq.o
                0x0000000008000000                g_pfnVectors
                0x00000000080001f8                . = ALIGN (0x8)
 *fill*         0x00000000080001f4        0x4 

.text           0x00000000080001f8     0x93d8
                0x00000000080001f8                . = ALIGN (0x8)
 *(.text)
 .text          0x00000000080001f8       0x40 /home/manar/st/stm32cubeide_1.3.0/plugins/com.st.stm32cube.ide.mcu.externaltools.gnu-tools-for-stm32.7-2018-q2-update.linux64_1.0.0.201904181610/tools/bin/../lib/gcc/arm-none-eabi/7.3.1/thumb/v8-m.main/fpv5-sp/hard/crtbegin.o
 .text          0x0000000008000238       0x10 /home/manar/st/stm32cubeide_1.3.0/plugins/com.st.stm32cube.ide.mcu.externaltools.gnu-tools-for-stm32.7-2018-q2-update.linux64_1.0.0.201904181610/tools/bin/../lib/gcc/arm-none-eabi/7.3.1/../../../../arm-none-eabi/lib/thumb/v8-m.main/fpv5-sp/hard/libc_nano.a(lib_a-strlen.o)
                0x0000000008000238                strlen
 .text          0x0000000008000248      0x378 /home/manar/st/stm32cubeide_1.3.0/plugins/com.st.stm32cube.ide.mcu.externaltools.gnu-tools-for-stm32.7-2018-q2-update.linux64_1.0.0.201904181610/tools/bin/../lib/gcc/arm-none-eabi/7.3.1/thumb/v8-m.main/fpv5-sp/hard/libgcc.a(_arm_addsubdf3.o)
                0x0000000008000248                __aeabi_drsub
                0x0000000008000250                __aeabi_dsub
                0x0000000008000250                __subdf3
                0x0000000008000254                __adddf3
                0x0000000008000254                __aeabi_dadd
                0x00000000080004cc                __aeabi_ui2d
                0x00000000080004cc                __floatunsidf
                0x00000000080004ec                __floatsidf
                0x00000000080004ec                __aeabi_i2d
                0x0000000008000510                __extendsfdf2
                0x0000000008000510                __aeabi_f2d
                0x0000000008000554                __aeabi_ul2d
                0x0000000008000554                __floatundidf
                0x0000000008000564                __floatdidf
                0x0000000008000564                __aeabi_l2d
 .text          0x00000000080005c0       0xa0 /home/manar/st/stm32cubeide_1.3.0/plugins/com.st.stm32cube.ide.mcu.externaltools.gnu-tools-for-stm32.7-2018-q2-update.linux64_1.0.0.201904181610/tools/bin/../lib/gcc/arm-none-eabi/7.3.1/thumb/v8-m.main/fpv5-sp/hard/libgcc.a(_arm_truncdfsf2.o)
                0x00000000080005c0                __aeabi_d2f
                0x00000000080005c0                __truncdfsf2
 .text          0x0000000008000660       0x30 /home/manar/st/stm32cubeide_1.3.0/plugins/com.st.stm32cube.ide.mcu.externaltools.gnu-tools-for-stm32.7-2018-q2-update.linux64_1.0.0.201904181610/tools/bin/../lib/gcc/arm-none-eabi/7.3.1/thumb/v8-m.main/fpv5-sp/hard/libgcc.a(_aeabi_uldivmod.o)
                0x0000000008000660                __aeabi_uldivmod
 .text          0x0000000008000690      0x2e0 /home/manar/st/stm32cubeide_1.3.0/plugins/com.st.stm32cube.ide.mcu.externaltools.gnu-tools-for-stm32.7-2018-q2-update.linux64_1.0.0.201904181610/tools/bin/../lib/gcc/arm-none-eabi/7.3.1/thumb/v8-m.main/fpv5-sp/hard/libgcc.a(_udivmoddi4.o)
                0x0000000008000690                __udivmoddi4
 .text          0x0000000008000970        0x4 /home/manar/st/stm32cubeide_1.3.0/plugins/com.st.stm32cube.ide.mcu.externaltools.gnu-tools-for-stm32.7-2018-q2-update.linux64_1.0.0.201904181610/tools/bin/../lib/gcc/arm-none-eabi/7.3.1/thumb/v8-m.main/fpv5-sp/hard/libgcc.a(_dvmd_tls.o)
                0x0000000008000970                __aeabi_ldiv0
                0x0000000008000970                __aeabi_idiv0
 *(.text*)
 .text.BSP_LED_Init
                0x0000000008000974       0x6c Drivers/BSP/STM32L5xx_Nucleo/stm32l5xx_nucleo.o
                0x0000000008000974                BSP_LED_Init
 .text.BSP_LED_Toggle
                0x00000000080009e0       0x2c Drivers/BSP/STM32L5xx_Nucleo/stm32l5xx_nucleo.o
                0x00000000080009e0                BSP_LED_Toggle
 .text.BSP_PB_Init
                0x0000000008000a0c      0x108 Drivers/BSP/STM32L5xx_Nucleo/stm32l5xx_nucleo.o
                0x0000000008000a0c                BSP_PB_Init
 .text.BSP_PB_GetState
                0x0000000008000b14       0x38 Drivers/BSP/STM32L5xx_Nucleo/stm32l5xx_nucleo.o
                0x0000000008000b14                BSP_PB_GetState
 .text.BUTTON_USER_EXTI_Callback
                0x0000000008000b4c        0xe Drivers/BSP/STM32L5xx_Nucleo/stm32l5xx_nucleo.o
 *fill*         0x0000000008000b5a        0x2 
 .text.BSP_COM_Init
                0x0000000008000b5c       0x74 Drivers/BSP/STM32L5xx_Nucleo/stm32l5xx_nucleo.o
                0x0000000008000b5c                BSP_COM_Init
 .text.MX_LPUART1_UART_Init
                0x0000000008000bd0       0xa4 Drivers/BSP/STM32L5xx_Nucleo/stm32l5xx_nucleo.o
                0x0000000008000bd0                MX_LPUART1_UART_Init
 .text.__io_putchar
                0x0000000008000c74       0x38 Drivers/BSP/STM32L5xx_Nucleo/stm32l5xx_nucleo.o
                0x0000000008000c74                __io_putchar
 .text.LPUART1_MspInit
                0x0000000008000cac       0x70 Drivers/BSP/STM32L5xx_Nucleo/stm32l5xx_nucleo.o
 .text.HAL_Init
                0x0000000008000d1c       0x34 Drivers/STM32L5xx_HAL_Driver/Src/stm32l5xx_hal.o
                0x0000000008000d1c                HAL_Init
 .text.HAL_InitTick
                0x0000000008000d50       0x74 Drivers/STM32L5xx_HAL_Driver/Src/stm32l5xx_hal.o
                0x0000000008000d50                HAL_InitTick
 .text.HAL_IncTick
                0x0000000008000dc4       0x24 Drivers/STM32L5xx_HAL_Driver/Src/stm32l5xx_hal.o
                0x0000000008000dc4                HAL_IncTick
 .text.HAL_GetTick
                0x0000000008000de8       0x18 Drivers/STM32L5xx_HAL_Driver/Src/stm32l5xx_hal.o
                0x0000000008000de8                HAL_GetTick
 .text.HAL_Delay
                0x0000000008000e00       0x44 Drivers/STM32L5xx_HAL_Driver/Src/stm32l5xx_hal.o
                0x0000000008000e00                HAL_Delay
 .text.HAL_SuspendTick
                0x0000000008000e44       0x20 Drivers/STM32L5xx_HAL_Driver/Src/stm32l5xx_hal.o
                0x0000000008000e44                HAL_SuspendTick
 .text.HAL_ResumeTick
                0x0000000008000e64       0x20 Drivers/STM32L5xx_HAL_Driver/Src/stm32l5xx_hal.o
                0x0000000008000e64                HAL_ResumeTick
 .text.__NVIC_SetPriorityGrouping
                0x0000000008000e84       0x48 Drivers/STM32L5xx_HAL_Driver/Src/stm32l5xx_hal_cortex.o
 .text.__NVIC_GetPriorityGrouping
                0x0000000008000ecc       0x1c Drivers/STM32L5xx_HAL_Driver/Src/stm32l5xx_hal_cortex.o
 .text.__NVIC_EnableIRQ
                0x0000000008000ee8       0x3c Drivers/STM32L5xx_HAL_Driver/Src/stm32l5xx_hal_cortex.o
 .text.__NVIC_SetPriority
                0x0000000008000f24       0x54 Drivers/STM32L5xx_HAL_Driver/Src/stm32l5xx_hal_cortex.o
 .text.NVIC_EncodePriority
                0x0000000008000f78       0x66 Drivers/STM32L5xx_HAL_Driver/Src/stm32l5xx_hal_cortex.o
 *fill*         0x0000000008000fde        0x2 
 .text.SysTick_Config
                0x0000000008000fe0       0x44 Drivers/STM32L5xx_HAL_Driver/Src/stm32l5xx_hal_cortex.o
 .text.HAL_NVIC_SetPriorityGrouping
                0x0000000008001024       0x16 Drivers/STM32L5xx_HAL_Driver/Src/stm32l5xx_hal_cortex.o
                0x0000000008001024                HAL_NVIC_SetPriorityGrouping
 .text.HAL_NVIC_SetPriority
                0x000000000800103a       0x34 Drivers/STM32L5xx_HAL_Driver/Src/stm32l5xx_hal_cortex.o
                0x000000000800103a                HAL_NVIC_SetPriority
 .text.HAL_NVIC_EnableIRQ
                0x000000000800106e       0x1c Drivers/STM32L5xx_HAL_Driver/Src/stm32l5xx_hal_cortex.o
                0x000000000800106e                HAL_NVIC_EnableIRQ
 .text.HAL_SYSTICK_Config
                0x000000000800108a       0x18 Drivers/STM32L5xx_HAL_Driver/Src/stm32l5xx_hal_cortex.o
                0x000000000800108a                HAL_SYSTICK_Config
 .text.HAL_EXTI_RegisterCallback
                0x00000000080010a2       0x52 Drivers/STM32L5xx_HAL_Driver/Src/stm32l5xx_hal_exti.o
                0x00000000080010a2                HAL_EXTI_RegisterCallback
 .text.HAL_EXTI_GetHandle
                0x00000000080010f4       0x28 Drivers/STM32L5xx_HAL_Driver/Src/stm32l5xx_hal_exti.o
                0x00000000080010f4                HAL_EXTI_GetHandle
 .text.HAL_EXTI_IRQHandler
                0x000000000800111c       0x90 Drivers/STM32L5xx_HAL_Driver/Src/stm32l5xx_hal_exti.o
                0x000000000800111c                HAL_EXTI_IRQHandler
 .text.HAL_GPIO_Init
                0x00000000080011ac      0x300 Drivers/STM32L5xx_HAL_Driver/Src/stm32l5xx_hal_gpio.o
                0x00000000080011ac                HAL_GPIO_Init
 .text.HAL_GPIO_DeInit
                0x00000000080014ac      0x1dc Drivers/STM32L5xx_HAL_Driver/Src/stm32l5xx_hal_gpio.o
                0x00000000080014ac                HAL_GPIO_DeInit
 .text.HAL_GPIO_ReadPin
                0x0000000008001688       0x30 Drivers/STM32L5xx_HAL_Driver/Src/stm32l5xx_hal_gpio.o
                0x0000000008001688                HAL_GPIO_ReadPin
 .text.HAL_GPIO_WritePin
                0x00000000080016b8       0x30 Drivers/STM32L5xx_HAL_Driver/Src/stm32l5xx_hal_gpio.o
                0x00000000080016b8                HAL_GPIO_WritePin
 .text.HAL_GPIO_TogglePin
                0x00000000080016e8       0x32 Drivers/STM32L5xx_HAL_Driver/Src/stm32l5xx_hal_gpio.o
                0x00000000080016e8                HAL_GPIO_TogglePin
 *fill*         0x000000000800171a        0x2 
 .text.HAL_PWR_EnterSLEEPMode
                0x000000000800171c       0x68 Drivers/STM32L5xx_HAL_Driver/Src/stm32l5xx_hal_pwr.o
                0x000000000800171c                HAL_PWR_EnterSLEEPMode
 .text.HAL_PWREx_GetVoltageRange
                0x0000000008001784       0x1c Drivers/STM32L5xx_HAL_Driver/Src/stm32l5xx_hal_pwr_ex.o
                0x0000000008001784                HAL_PWREx_GetVoltageRange
 .text.HAL_PWREx_ControlVoltageScaling
                0x00000000080017a0       0xb8 Drivers/STM32L5xx_HAL_Driver/Src/stm32l5xx_hal_pwr_ex.o
                0x00000000080017a0                HAL_PWREx_ControlVoltageScaling
 .text.HAL_PWREx_EnableVddIO2
                0x0000000008001858       0x20 Drivers/STM32L5xx_HAL_Driver/Src/stm32l5xx_hal_pwr_ex.o
                0x0000000008001858                HAL_PWREx_EnableVddIO2
 .text.HAL_PWREx_EnableLowPowerRunMode
                0x0000000008001878       0x20 Drivers/STM32L5xx_HAL_Driver/Src/stm32l5xx_hal_pwr_ex.o
                0x0000000008001878                HAL_PWREx_EnableLowPowerRunMode
 .text.HAL_PWREx_DisableLowPowerRunMode
                0x0000000008001898       0x80 Drivers/STM32L5xx_HAL_Driver/Src/stm32l5xx_hal_pwr_ex.o
                0x0000000008001898                HAL_PWREx_DisableLowPowerRunMode
 .text.HAL_PWREx_DisableUCPDDeadBattery
                0x0000000008001918       0x20 Drivers/STM32L5xx_HAL_Driver/Src/stm32l5xx_hal_pwr_ex.o
                0x0000000008001918                HAL_PWREx_DisableUCPDDeadBattery
 .text.HAL_PWREx_SMPS_GetEffectiveMode
                0x0000000008001938       0x48 Drivers/STM32L5xx_HAL_Driver/Src/stm32l5xx_hal_pwr_ex.o
                0x0000000008001938                HAL_PWREx_SMPS_GetEffectiveMode
 .text.HAL_RCC_OscConfig
                0x0000000008001980      0x8d8 Drivers/STM32L5xx_HAL_Driver/Src/stm32l5xx_hal_rcc.o
                0x0000000008001980                HAL_RCC_OscConfig
 .text.HAL_RCC_ClockConfig
                0x0000000008002258      0x250 Drivers/STM32L5xx_HAL_Driver/Src/stm32l5xx_hal_rcc.o
                0x0000000008002258                HAL_RCC_ClockConfig
 .text.HAL_RCC_GetSysClockFreq
                0x00000000080024a8      0x138 Drivers/STM32L5xx_HAL_Driver/Src/stm32l5xx_hal_rcc.o
                0x00000000080024a8                HAL_RCC_GetSysClockFreq
 .text.HAL_RCC_GetHCLKFreq
                0x00000000080025e0       0x14 Drivers/STM32L5xx_HAL_Driver/Src/stm32l5xx_hal_rcc.o
                0x00000000080025e0                HAL_RCC_GetHCLKFreq
 .text.HAL_RCC_GetPCLK1Freq
                0x00000000080025f4       0x28 Drivers/STM32L5xx_HAL_Driver/Src/stm32l5xx_hal_rcc.o
                0x00000000080025f4                HAL_RCC_GetPCLK1Freq
 .text.HAL_RCC_GetPCLK2Freq
                0x000000000800261c       0x28 Drivers/STM32L5xx_HAL_Driver/Src/stm32l5xx_hal_rcc.o
                0x000000000800261c                HAL_RCC_GetPCLK2Freq
 .text.RCC_SetFlashLatencyFromMSIRange
                0x0000000008002644       0xc8 Drivers/STM32L5xx_HAL_Driver/Src/stm32l5xx_hal_rcc.o
 .text.RCC_GetSysClockFreqFromPLLSource
                0x000000000800270c       0xf4 Drivers/STM32L5xx_HAL_Driver/Src/stm32l5xx_hal_rcc.o
 .text.HAL_SPI_Init
                0x0000000008002800      0x114 Drivers/STM32L5xx_HAL_Driver/Src/stm32l5xx_hal_spi.o
                0x0000000008002800                HAL_SPI_Init
 .text.HAL_SPI_MspInit
                0x0000000008002914       0x14 Drivers/STM32L5xx_HAL_Driver/Src/stm32l5xx_hal_spi.o
                0x0000000008002914                HAL_SPI_MspInit
 .text.HAL_SPI_TransmitReceive
                0x0000000008002928      0x426 Drivers/STM32L5xx_HAL_Driver/Src/stm32l5xx_hal_spi.o
                0x0000000008002928                HAL_SPI_TransmitReceive
 .text.HAL_SPI_GetState
                0x0000000008002d4e       0x1c Drivers/STM32L5xx_HAL_Driver/Src/stm32l5xx_hal_spi.o
                0x0000000008002d4e                HAL_SPI_GetState
 .text.SPI_WaitFlagStateUntilTimeout
                0x0000000008002d6a       0xd4 Drivers/STM32L5xx_HAL_Driver/Src/stm32l5xx_hal_spi.o
 .text.SPI_WaitFifoStateUntilTimeout
                0x0000000008002e3e       0xda Drivers/STM32L5xx_HAL_Driver/Src/stm32l5xx_hal_spi.o
 .text.SPI_EndRxTxTransaction
                0x0000000008002f18       0x8c Drivers/STM32L5xx_HAL_Driver/Src/stm32l5xx_hal_spi.o
 .text.HAL_UART_Init
                0x0000000008002fa4       0xa0 Drivers/STM32L5xx_HAL_Driver/Src/stm32l5xx_hal_uart.o
                0x0000000008002fa4                HAL_UART_Init
 .text.HAL_UART_MspInit
                0x0000000008003044       0x14 Drivers/STM32L5xx_HAL_Driver/Src/stm32l5xx_hal_uart.o
                0x0000000008003044                HAL_UART_MspInit
 .text.HAL_UART_Transmit
                0x0000000008003058      0x12c Drivers/STM32L5xx_HAL_Driver/Src/stm32l5xx_hal_uart.o
                0x0000000008003058                HAL_UART_Transmit
 *fill*         0x0000000008003184        0x4 
 .text.UART_SetConfig
                0x0000000008003188     0x15bc Drivers/STM32L5xx_HAL_Driver/Src/stm32l5xx_hal_uart.o
                0x0000000008003188                UART_SetConfig
 .text.UART_AdvFeatureConfig
                0x0000000008004744      0x144 Drivers/STM32L5xx_HAL_Driver/Src/stm32l5xx_hal_uart.o
                0x0000000008004744                UART_AdvFeatureConfig
 .text.UART_CheckIdleState
                0x0000000008004888       0x90 Drivers/STM32L5xx_HAL_Driver/Src/stm32l5xx_hal_uart.o
                0x0000000008004888                UART_CheckIdleState
 .text.UART_WaitOnFlagUntilTimeout
                0x0000000008004918      0x100 Drivers/STM32L5xx_HAL_Driver/Src/stm32l5xx_hal_uart.o
                0x0000000008004918                UART_WaitOnFlagUntilTimeout
 .text.HAL_UARTEx_DisableFifoMode
                0x0000000008004a18       0x72 Drivers/STM32L5xx_HAL_Driver/Src/stm32l5xx_hal_uart_ex.o
                0x0000000008004a18                HAL_UARTEx_DisableFifoMode
 .text.HAL_UARTEx_SetTxFifoThreshold
                0x0000000008004a8a       0x7c Drivers/STM32L5xx_HAL_Driver/Src/stm32l5xx_hal_uart_ex.o
                0x0000000008004a8a                HAL_UARTEx_SetTxFifoThreshold
 .text.HAL_UARTEx_SetRxFifoThreshold
                0x0000000008004b06       0x7c Drivers/STM32L5xx_HAL_Driver/Src/stm32l5xx_hal_uart_ex.o
                0x0000000008004b06                HAL_UARTEx_SetRxFifoThreshold
 *fill*         0x0000000008004b82        0x2 
 .text.UARTEx_SetNbDataToProcess
                0x0000000008004b84       0xd0 Drivers/STM32L5xx_HAL_Driver/Src/stm32l5xx_hal_uart_ex.o
 .text.aci_gap_init_IDB05A1
                0x0000000008004c54       0xa0 Middlewares/ST/BlueNRG-MS/hci/controller/bluenrg_gap_aci.o
                0x0000000008004c54                aci_gap_init_IDB05A1
 .text.aci_gap_init_IDB04A1
                0x0000000008004cf4       0x94 Middlewares/ST/BlueNRG-MS/hci/controller/bluenrg_gap_aci.o
                0x0000000008004cf4                aci_gap_init_IDB04A1
 .text.aci_gap_set_discoverable
                0x0000000008004d88      0x1de Middlewares/ST/BlueNRG-MS/hci/controller/bluenrg_gap_aci.o
                0x0000000008004d88                aci_gap_set_discoverable
 *fill*         0x0000000008004f66        0x2 
 .text.aci_gap_set_auth_requirement
                0x0000000008004f68       0x9c Middlewares/ST/BlueNRG-MS/hci/controller/bluenrg_gap_aci.o
                0x0000000008004f68                aci_gap_set_auth_requirement
 .text.aci_gap_update_adv_data
                0x0000000008005004       0xa4 Middlewares/ST/BlueNRG-MS/hci/controller/bluenrg_gap_aci.o
                0x0000000008005004                aci_gap_update_adv_data
 .text.aci_gatt_init
                0x00000000080050a8       0x46 Middlewares/ST/BlueNRG-MS/hci/controller/bluenrg_gatt_aci.o
                0x00000000080050a8                aci_gatt_init
 .text.aci_gatt_add_serv
                0x00000000080050ee      0x118 Middlewares/ST/BlueNRG-MS/hci/controller/bluenrg_gatt_aci.o
                0x00000000080050ee                aci_gatt_add_serv
 .text.aci_gatt_add_char
                0x0000000008005206      0x1a4 Middlewares/ST/BlueNRG-MS/hci/controller/bluenrg_gatt_aci.o
                0x0000000008005206                aci_gatt_add_char
 .text.aci_gatt_update_char_value
                0x00000000080053aa      0x126 Middlewares/ST/BlueNRG-MS/hci/controller/bluenrg_gatt_aci.o
                0x00000000080053aa                aci_gatt_update_char_value
 .text.aci_gatt_allow_read
                0x00000000080054d0       0x5a Middlewares/ST/BlueNRG-MS/hci/controller/bluenrg_gatt_aci.o
                0x00000000080054d0                aci_gatt_allow_read
 .text.aci_hal_read_config_data
                0x000000000800552a       0xa6 Middlewares/ST/BlueNRG-MS/hci/controller/bluenrg_hal_aci.o
                0x000000000800552a                aci_hal_read_config_data
 .text.aci_hal_set_tx_power_level
                0x00000000080055d0       0x62 Middlewares/ST/BlueNRG-MS/hci/controller/bluenrg_hal_aci.o
                0x00000000080055d0                aci_hal_set_tx_power_level
 .text.getBlueNRGVersion
                0x0000000008005632       0x88 Middlewares/ST/BlueNRG-MS/hci/controller/bluenrg_utils_small.o
                0x0000000008005632                getBlueNRGVersion
 .text.hci_reset
                0x00000000080056ba       0x44 Middlewares/ST/BlueNRG-MS/hci/hci_le.o
                0x00000000080056ba                hci_reset
 .text.hci_le_read_local_version
                0x00000000080056fe       0x94 Middlewares/ST/BlueNRG-MS/hci/hci_le.o
                0x00000000080056fe                hci_le_read_local_version
 .text.hci_le_set_scan_resp_data
                0x0000000008005792       0x82 Middlewares/ST/BlueNRG-MS/hci/hci_le.o
                0x0000000008005792                hci_le_set_scan_resp_data
 .text.verify_packet
                0x0000000008005814       0x40 Middlewares/ST/BlueNRG-MS/hci/hci_tl_patterns/Basic/hci_tl.o
 .text.send_cmd
                0x0000000008005854       0x80 Middlewares/ST/BlueNRG-MS/hci/hci_tl_patterns/Basic/hci_tl.o
 .text.move_list
                0x00000000080058d4       0x36 Middlewares/ST/BlueNRG-MS/hci/hci_tl_patterns/Basic/hci_tl.o
 *fill*         0x000000000800590a        0x2 
 .text.free_event_list
                0x000000000800590c       0x38 Middlewares/ST/BlueNRG-MS/hci/hci_tl_patterns/Basic/hci_tl.o
 .text.hci_init
                0x0000000008005944       0x84 Middlewares/ST/BlueNRG-MS/hci/hci_tl_patterns/Basic/hci_tl.o
                0x0000000008005944                hci_init
 .text.hci_register_io_bus
                0x00000000080059c8       0x40 Middlewares/ST/BlueNRG-MS/hci/hci_tl_patterns/Basic/hci_tl.o
                0x00000000080059c8                hci_register_io_bus
 .text.hci_send_req
                0x0000000008005a08      0x230 Middlewares/ST/BlueNRG-MS/hci/hci_tl_patterns/Basic/hci_tl.o
                0x0000000008005a08                hci_send_req
 .text.hci_user_evt_proc
                0x0000000008005c38       0x54 Middlewares/ST/BlueNRG-MS/hci/hci_tl_patterns/Basic/hci_tl.o
                0x0000000008005c38                hci_user_evt_proc
 .text.hci_notify_asynch_evt
                0x0000000008005c8c       0x9c Middlewares/ST/BlueNRG-MS/hci/hci_tl_patterns/Basic/hci_tl.o
                0x0000000008005c8c                hci_notify_asynch_evt
 .text.list_init_head
                0x0000000008005d28       0x20 Middlewares/ST/BlueNRG-MS/utils/ble_list.o
                0x0000000008005d28                list_init_head
 .text.list_is_empty
                0x0000000008005d48       0x40 Middlewares/ST/BlueNRG-MS/utils/ble_list.o
                0x0000000008005d48                list_is_empty
 .text.list_insert_head
                0x0000000008005d88       0x48 Middlewares/ST/BlueNRG-MS/utils/ble_list.o
                0x0000000008005d88                list_insert_head
 .text.list_insert_tail
                0x0000000008005dd0       0x48 Middlewares/ST/BlueNRG-MS/utils/ble_list.o
                0x0000000008005dd0                list_insert_tail
 .text.list_remove_node
                0x0000000008005e18       0x3e Middlewares/ST/BlueNRG-MS/utils/ble_list.o
                0x0000000008005e18                list_remove_node
 .text.list_remove_head
                0x0000000008005e56       0x4a Middlewares/ST/BlueNRG-MS/utils/ble_list.o
                0x0000000008005e56                list_remove_head
 .text.list_remove_tail
                0x0000000008005ea0       0x4a Middlewares/ST/BlueNRG-MS/utils/ble_list.o
                0x0000000008005ea0                list_remove_tail
 .text.list_get_size
                0x0000000008005eea       0x4c Middlewares/ST/BlueNRG-MS/utils/ble_list.o
                0x0000000008005eea                list_get_size
 *fill*         0x0000000008005f36        0x2 
 .text.print_csv_time
                0x0000000008005f38       0xa0 Src/app_bluenrg_ms.o
                0x0000000008005f38                print_csv_time
 .text.MX_BlueNRG_MS_Init
                0x0000000008005fd8      0x20c Src/app_bluenrg_ms.o
                0x0000000008005fd8                MX_BlueNRG_MS_Init
 .text.MX_BlueNRG_MS_Process
                0x00000000080061e4       0x10 Src/app_bluenrg_ms.o
                0x00000000080061e4                MX_BlueNRG_MS_Process
 .text.User_Init
                0x00000000080061f4       0x1c Src/app_bluenrg_ms.o
 .text.User_Process
                0x0000000008006210       0xe0 Src/app_bluenrg_ms.o
 .text.Set_Random_Environmental_Values
                0x00000000080062f0       0xf4 Src/app_bluenrg_ms.o
 .text.Set_Random_Motion_Values
                0x00000000080063e4      0xa3c Src/app_bluenrg_ms.o
 .text.Reset_Motion_Values
                0x0000000008006e20      0x1d4 Src/app_bluenrg_ms.o
 .text.BSP_PB_Callback
                0x0000000008006ff4       0x20 Src/app_bluenrg_ms.o
                0x0000000008006ff4                BSP_PB_Callback
 .text.Add_HWServW2ST_Service
                0x0000000008007014      0x1b0 Src/gatt_db.o
                0x0000000008007014                Add_HWServW2ST_Service
 .text.Add_SWServW2ST_Service
                0x00000000080071c4      0x128 Src/gatt_db.o
                0x00000000080071c4                Add_SWServW2ST_Service
 .text.Acc_Update
                0x00000000080072ec      0x124 Src/gatt_db.o
                0x00000000080072ec                Acc_Update
 .text.Quat_Update
                0x0000000008007410       0x9c Src/gatt_db.o
                0x0000000008007410                Quat_Update
 .text.Read_Request_CB
                0x00000000080074ac      0x194 Src/gatt_db.o
                0x00000000080074ac                Read_Request_CB
 .text.BlueMS_Environmental_Update
                0x0000000008007640       0x98 Src/gatt_db.o
                0x0000000008007640                BlueMS_Environmental_Update
 .text.HCI_TL_SPI_Init
                0x00000000080076d8       0x90 Src/hci_tl_interface.o
                0x00000000080076d8                HCI_TL_SPI_Init
 .text.HCI_TL_SPI_DeInit
                0x0000000008007768       0x2c Src/hci_tl_interface.o
                0x0000000008007768                HCI_TL_SPI_DeInit
 .text.HCI_TL_SPI_Reset
                0x0000000008007794       0x34 Src/hci_tl_interface.o
                0x0000000008007794                HCI_TL_SPI_Reset
 .text.HCI_TL_SPI_Receive
                0x00000000080077c8       0xec Src/hci_tl_interface.o
                0x00000000080077c8                HCI_TL_SPI_Receive
 .text.HCI_TL_SPI_Send
                0x00000000080078b4       0xa8 Src/hci_tl_interface.o
                0x00000000080078b4                HCI_TL_SPI_Send
 .text.IsDataAvailable
                0x000000000800795c       0x20 Src/hci_tl_interface.o
 .text.hci_tl_lowlevel_init
                0x000000000800797c       0x74 Src/hci_tl_interface.o
                0x000000000800797c                hci_tl_lowlevel_init
 .text.hci_tl_lowlevel_isr
                0x00000000080079f0       0x22 Src/hci_tl_interface.o
                0x00000000080079f0                hci_tl_lowlevel_isr
 .text.SystemClock_Decrease
                0x0000000008007a12       0x6a Src/main.o
                0x0000000008007a12                SystemClock_Decrease
 .text.main     0x0000000008007a7c       0x38 Src/main.o
                0x0000000008007a7c                main
 .text.SystemClock_Config
                0x0000000008007ab4       0xa2 Src/main.o
                0x0000000008007ab4                SystemClock_Config
 *fill*         0x0000000008007b56        0x2 
 .text.MX_GPIO_Init
                0x0000000008007b58      0x214 Src/main.o
 .text.Error_Handler
                0x0000000008007d6c        0xe Src/main.o
                0x0000000008007d6c                Error_Handler
 *fill*         0x0000000008007d7a        0x2 
 .text.Set_DeviceConnectable
                0x0000000008007d7c      0x118 Src/sensor.o
                0x0000000008007d7c                Set_DeviceConnectable
 .text.user_notify
                0x0000000008007e94       0x96 Src/sensor.o
                0x0000000008007e94                user_notify
 *fill*         0x0000000008007f2a        0x2 
 .text.GAP_DisconnectionComplete_CB
                0x0000000008007f2c       0x34 Src/sensor.o
                0x0000000008007f2c                GAP_DisconnectionComplete_CB
 .text.GAP_ConnectionComplete_CB
                0x0000000008007f60       0x68 Src/sensor.o
                0x0000000008007f60                GAP_ConnectionComplete_CB
 .text.HAL_MspInit
                0x0000000008007fc8       0x48 Src/stm32l5xx_hal_msp.o
                0x0000000008007fc8                HAL_MspInit
 .text.NMI_Handler
                0x0000000008008010        0xe Src/stm32l5xx_it.o
                0x0000000008008010                NMI_Handler
 .text.HardFault_Handler
                0x000000000800801e        0x6 Src/stm32l5xx_it.o
                0x000000000800801e                HardFault_Handler
 .text.MemManage_Handler
                0x0000000008008024        0x6 Src/stm32l5xx_it.o
                0x0000000008008024                MemManage_Handler
 .text.BusFault_Handler
                0x000000000800802a        0x6 Src/stm32l5xx_it.o
                0x000000000800802a                BusFault_Handler
 .text.UsageFault_Handler
                0x0000000008008030        0x6 Src/stm32l5xx_it.o
                0x0000000008008030                UsageFault_Handler
 .text.SVC_Handler
                0x0000000008008036        0xe Src/stm32l5xx_it.o
                0x0000000008008036                SVC_Handler
 .text.DebugMon_Handler
                0x0000000008008044        0xe Src/stm32l5xx_it.o
                0x0000000008008044                DebugMon_Handler
 .text.PendSV_Handler
                0x0000000008008052        0xe Src/stm32l5xx_it.o
                0x0000000008008052                PendSV_Handler
 .text.SysTick_Handler
                0x0000000008008060        0xc Src/stm32l5xx_it.o
                0x0000000008008060                SysTick_Handler
 .text.EXTI3_IRQHandler
                0x000000000800806c       0x14 Src/stm32l5xx_it.o
                0x000000000800806c                EXTI3_IRQHandler
 .text.EXTI13_IRQHandler
                0x0000000008008080       0x14 Src/stm32l5xx_it.o
                0x0000000008008080                EXTI13_IRQHandler
 .text.BSP_SPI1_Init
                0x0000000008008094       0x60 Src/stm32l5xx_nucleo_bus.o
                0x0000000008008094                BSP_SPI1_Init
 .text.BSP_SPI1_SendRecv
                0x00000000080080f4       0x40 Src/stm32l5xx_nucleo_bus.o
                0x00000000080080f4                BSP_SPI1_SendRecv
 .text.BSP_GetTick
                0x0000000008008134        0xe Src/stm32l5xx_nucleo_bus.o
                0x0000000008008134                BSP_GetTick
 *fill*         0x0000000008008142        0x2 
 .text.MX_SPI1_Init
                0x0000000008008144       0x84 Src/stm32l5xx_nucleo_bus.o
                0x0000000008008144                MX_SPI1_Init
 .text.SPI1_MspInit
                0x00000000080081c8       0x68 Src/stm32l5xx_nucleo_bus.o
 .text._read    0x0000000008008230       0x3a Src/syscalls.o
                0x0000000008008230                _read
 .text._write   0x000000000800826a       0x38 Src/syscalls.o
                0x000000000800826a                _write
 .text._close   0x00000000080082a2       0x18 Src/syscalls.o
                0x00000000080082a2                _close
 .text._fstat   0x00000000080082ba       0x20 Src/syscalls.o
                0x00000000080082ba                _fstat
 .text._isatty  0x00000000080082da       0x16 Src/syscalls.o
                0x00000000080082da                _isatty
 .text._lseek   0x00000000080082f0       0x1a Src/syscalls.o
                0x00000000080082f0                _lseek
 *fill*         0x000000000800830a        0x2 
 .text._sbrk    0x000000000800830c       0x58 Src/sysmem.o
                0x000000000800830c                _sbrk
 .text.SystemInit
                0x0000000008008364       0x24 Src/system_stm32l5xx.o
                0x0000000008008364                SystemInit
 .text.SystemCoreClockUpdate
                0x0000000008008388      0x15c Src/system_stm32l5xx.o
                0x0000000008008388                SystemCoreClockUpdate
 .text.Reset_Handler
                0x00000000080084e4       0x50 Startup/startup_stm32l552zetxq.o
                0x00000000080084e4                Reset_Handler
 .text.Default_Handler
                0x0000000008008534        0x2 Startup/startup_stm32l552zetxq.o
                0x0000000008008534                EXTI2_IRQHandler
                0x0000000008008534                TIM8_TRG_COM_IRQHandler
                0x0000000008008534                TIM8_CC_IRQHandler
                0x0000000008008534                EXTI5_IRQHandler
                0x0000000008008534                FLASH_S_IRQHandler
                0x0000000008008534                TIM1_CC_IRQHandler
                0x0000000008008534                TSC_IRQHandler
                0x0000000008008534                TAMP_IRQHandler
                0x0000000008008534                TIM6_IRQHandler
                0x0000000008008534                EXTI12_IRQHandler
                0x0000000008008534                DMA2_Channel8_IRQHandler
                0x0000000008008534                EXTI8_IRQHandler
                0x0000000008008534                LPTIM2_IRQHandler
                0x0000000008008534                DFSDM1_FLT1_IRQHandler
                0x0000000008008534                USB_FS_IRQHandler
                0x0000000008008534                I2C3_ER_IRQHandler
                0x0000000008008534                DFSDM1_FLT2_IRQHandler
                0x0000000008008534                DMAMUX1_IRQHandler
                0x0000000008008534                LPTIM3_IRQHandler
                0x0000000008008534                EXTI0_IRQHandler
                0x0000000008008534                I2C2_EV_IRQHandler
                0x0000000008008534                FPU_IRQHandler
                0x0000000008008534                FDCAN1_IT1_IRQHandler
                0x0000000008008534                ADC1_2_IRQHandler
                0x0000000008008534                SPI1_IRQHandler
                0x0000000008008534                OCTOSPI1_IRQHandler
                0x0000000008008534                TIM8_UP_IRQHandler
                0x0000000008008534                RCC_S_IRQHandler
                0x0000000008008534                DMA2_Channel2_IRQHandler
                0x0000000008008534                DMA1_Channel4_IRQHandler
                0x0000000008008534                SAI2_IRQHandler
                0x0000000008008534                DFSDM1_FLT3_IRQHandler
                0x0000000008008534                EXTI15_IRQHandler
                0x0000000008008534                TIM17_IRQHandler
                0x0000000008008534                USART3_IRQHandler
                0x0000000008008534                RTC_IRQHandler
                0x0000000008008534                EXTI9_IRQHandler
                0x0000000008008534                DMA1_Channel7_IRQHandler
                0x0000000008008534                UART5_IRQHandler
                0x0000000008008534                TIM4_IRQHandler
                0x0000000008008534                DMA2_Channel1_IRQHandler
                0x0000000008008534                I2C1_EV_IRQHandler
                0x0000000008008534                DMA1_Channel6_IRQHandler
                0x0000000008008534                TIM16_IRQHandler
                0x0000000008008534                UART4_IRQHandler
                0x0000000008008534                DMA2_Channel4_IRQHandler
                0x0000000008008534                SecureFault_Handler
                0x0000000008008534                TIM3_IRQHandler
                0x0000000008008534                RCC_IRQHandler
                0x0000000008008534                TIM1_TRG_COM_IRQHandler
                0x0000000008008534                DMA1_Channel1_IRQHandler
                0x0000000008008534                Default_Handler
                0x0000000008008534                DMA2_Channel7_IRQHandler
                0x0000000008008534                DMA1_Channel8_IRQHandler
                0x0000000008008534                TIM7_IRQHandler
                0x0000000008008534                SDMMC1_IRQHandler
                0x0000000008008534                TIM5_IRQHandler
                0x0000000008008534                UCPD1_IRQHandler
                0x0000000008008534                TIM15_IRQHandler
                0x0000000008008534                I2C3_EV_IRQHandler
                0x0000000008008534                PVD_PVM_IRQHandler
                0x0000000008008534                SPI2_IRQHandler
                0x0000000008008534                EXTI14_IRQHandler
                0x0000000008008534                EXTI11_IRQHandler
                0x0000000008008534                DMA2_Channel5_IRQHandler
                0x0000000008008534                CRS_IRQHandler
                0x0000000008008534                DMA1_Channel5_IRQHandler
                0x0000000008008534                EXTI4_IRQHandler
                0x0000000008008534                RTC_S_IRQHandler
                0x0000000008008534                RNG_IRQHandler
                0x0000000008008534                DMAMUX1_S_IRQHandler
                0x0000000008008534                DMA1_Channel3_IRQHandler
                0x0000000008008534                COMP_IRQHandler
                0x0000000008008534                TIM1_UP_IRQHandler
                0x0000000008008534                WWDG_IRQHandler
                0x0000000008008534                I2C4_EV_IRQHandler
                0x0000000008008534                LPUART1_IRQHandler
                0x0000000008008534                DMA2_Channel6_IRQHandler
                0x0000000008008534                FDCAN1_IT0_IRQHandler
                0x0000000008008534                TIM2_IRQHandler
                0x0000000008008534                TAMP_S_IRQHandler
                0x0000000008008534                EXTI7_IRQHandler
                0x0000000008008534                TIM1_BRK_IRQHandler
                0x0000000008008534                DAC_IRQHandler
                0x0000000008008534                EXTI1_IRQHandler
                0x0000000008008534                GTZC_IRQHandler
                0x0000000008008534                USART2_IRQHandler
                0x0000000008008534                DFSDM1_FLT0_IRQHandler
                0x0000000008008534                I2C2_ER_IRQHandler
                0x0000000008008534                DMA1_Channel2_IRQHandler
                0x0000000008008534                TIM8_BRK_IRQHandler
                0x0000000008008534                FLASH_IRQHandler
                0x0000000008008534                USART1_IRQHandler
                0x0000000008008534                EXTI10_IRQHandler
                0x0000000008008534                SPI3_IRQHandler
                0x0000000008008534                I2C1_ER_IRQHandler
                0x0000000008008534                FMC_IRQHandler
                0x0000000008008534                EXTI6_IRQHandler
                0x0000000008008534                LPTIM1_IRQHandler
                0x0000000008008534                I2C4_ER_IRQHandler
                0x0000000008008534                ICACHE_IRQHandler
                0x0000000008008534                SAI1_IRQHandler
                0x0000000008008534                HASH_IRQHandler
                0x0000000008008534                DMA2_Channel3_IRQHandler
 *fill*         0x0000000008008536        0x2 
 .text.__errno  0x0000000008008538        0xc /home/manar/st/stm32cubeide_1.3.0/plugins/com.st.stm32cube.ide.mcu.externaltools.gnu-tools-for-stm32.7-2018-q2-update.linux64_1.0.0.201904181610/tools/bin/../lib/gcc/arm-none-eabi/7.3.1/../../../../arm-none-eabi/lib/thumb/v8-m.main/fpv5-sp/hard/libc_nano.a(lib_a-errno.o)
                0x0000000008008538                __errno
 .text.__libc_init_array
                0x0000000008008544       0x48 /home/manar/st/stm32cubeide_1.3.0/plugins/com.st.stm32cube.ide.mcu.externaltools.gnu-tools-for-stm32.7-2018-q2-update.linux64_1.0.0.201904181610/tools/bin/../lib/gcc/arm-none-eabi/7.3.1/../../../../arm-none-eabi/lib/thumb/v8-m.main/fpv5-sp/hard/libc_nano.a(lib_a-init.o)
                0x0000000008008544                __libc_init_array
 .text.memcpy   0x000000000800858c       0x16 /home/manar/st/stm32cubeide_1.3.0/plugins/com.st.stm32cube.ide.mcu.externaltools.gnu-tools-for-stm32.7-2018-q2-update.linux64_1.0.0.201904181610/tools/bin/../lib/gcc/arm-none-eabi/7.3.1/../../../../arm-none-eabi/lib/thumb/v8-m.main/fpv5-sp/hard/libc_nano.a(lib_a-memcpy-stub.o)
                0x000000000800858c                memcpy
 .text.memset   0x00000000080085a2       0x10 /home/manar/st/stm32cubeide_1.3.0/plugins/com.st.stm32cube.ide.mcu.externaltools.gnu-tools-for-stm32.7-2018-q2-update.linux64_1.0.0.201904181610/tools/bin/../lib/gcc/arm-none-eabi/7.3.1/../../../../arm-none-eabi/lib/thumb/v8-m.main/fpv5-sp/hard/libc_nano.a(lib_a-memset.o)
                0x00000000080085a2                memset
 *fill*         0x00000000080085b2        0x2 
 .text.printf   0x00000000080085b4       0x30 /home/manar/st/stm32cubeide_1.3.0/plugins/com.st.stm32cube.ide.mcu.externaltools.gnu-tools-for-stm32.7-2018-q2-update.linux64_1.0.0.201904181610/tools/bin/../lib/gcc/arm-none-eabi/7.3.1/../../../../arm-none-eabi/lib/thumb/v8-m.main/fpv5-sp/hard/libc_nano.a(lib_a-printf.o)
                0x00000000080085b4                printf
                0x00000000080085b4                iprintf
 .text.putchar  0x00000000080085e4       0x28 /home/manar/st/stm32cubeide_1.3.0/plugins/com.st.stm32cube.ide.mcu.externaltools.gnu-tools-for-stm32.7-2018-q2-update.linux64_1.0.0.201904181610/tools/bin/../lib/gcc/arm-none-eabi/7.3.1/../../../../arm-none-eabi/lib/thumb/v8-m.main/fpv5-sp/hard/libc_nano.a(lib_a-putchar.o)
                0x00000000080085e4                putchar
 .text._puts_r  0x000000000800860c       0xb8 /home/manar/st/stm32cubeide_1.3.0/plugins/com.st.stm32cube.ide.mcu.externaltools.gnu-tools-for-stm32.7-2018-q2-update.linux64_1.0.0.201904181610/tools/bin/../lib/gcc/arm-none-eabi/7.3.1/../../../../arm-none-eabi/lib/thumb/v8-m.main/fpv5-sp/hard/libc_nano.a(lib_a-puts.o)
                0x000000000800860c                _puts_r
 .text.puts     0x00000000080086c4       0x10 /home/manar/st/stm32cubeide_1.3.0/plugins/com.st.stm32cube.ide.mcu.externaltools.gnu-tools-for-stm32.7-2018-q2-update.linux64_1.0.0.201904181610/tools/bin/../lib/gcc/arm-none-eabi/7.3.1/../../../../arm-none-eabi/lib/thumb/v8-m.main/fpv5-sp/hard/libc_nano.a(lib_a-puts.o)
                0x00000000080086c4                puts
 .text.srand    0x00000000080086d4       0x48 /home/manar/st/stm32cubeide_1.3.0/plugins/com.st.stm32cube.ide.mcu.externaltools.gnu-tools-for-stm32.7-2018-q2-update.linux64_1.0.0.201904181610/tools/bin/../lib/gcc/arm-none-eabi/7.3.1/../../../../arm-none-eabi/lib/thumb/v8-m.main/fpv5-sp/hard/libc_nano.a(lib_a-rand.o)
                0x00000000080086d4                srand
 .text.rand     0x000000000800871c       0x68 /home/manar/st/stm32cubeide_1.3.0/plugins/com.st.stm32cube.ide.mcu.externaltools.gnu-tools-for-stm32.7-2018-q2-update.linux64_1.0.0.201904181610/tools/bin/../lib/gcc/arm-none-eabi/7.3.1/../../../../arm-none-eabi/lib/thumb/v8-m.main/fpv5-sp/hard/libc_nano.a(lib_a-rand.o)
                0x000000000800871c                rand
 .text.__swbuf_r
                0x0000000008008784       0xa4 /home/manar/st/stm32cubeide_1.3.0/plugins/com.st.stm32cube.ide.mcu.externaltools.gnu-tools-for-stm32.7-2018-q2-update.linux64_1.0.0.201904181610/tools/bin/../lib/gcc/arm-none-eabi/7.3.1/../../../../arm-none-eabi/lib/thumb/v8-m.main/fpv5-sp/hard/libc_nano.a(lib_a-wbuf.o)
                0x0000000008008784                __swbuf_r
 .text.__swsetup_r
                0x0000000008008828       0xdc /home/manar/st/stm32cubeide_1.3.0/plugins/com.st.stm32cube.ide.mcu.externaltools.gnu-tools-for-stm32.7-2018-q2-update.linux64_1.0.0.201904181610/tools/bin/../lib/gcc/arm-none-eabi/7.3.1/../../../../arm-none-eabi/lib/thumb/v8-m.main/fpv5-sp/hard/libc_nano.a(lib_a-wsetup.o)
                0x0000000008008828                __swsetup_r
 .text.__sflush_r
                0x0000000008008904      0x108 /home/manar/st/stm32cubeide_1.3.0/plugins/com.st.stm32cube.ide.mcu.externaltools.gnu-tools-for-stm32.7-2018-q2-update.linux64_1.0.0.201904181610/tools/bin/../lib/gcc/arm-none-eabi/7.3.1/../../../../arm-none-eabi/lib/thumb/v8-m.main/fpv5-sp/hard/libc_nano.a(lib_a-fflush.o)
                0x0000000008008904                __sflush_r
 .text._fflush_r
                0x0000000008008a0c       0x54 /home/manar/st/stm32cubeide_1.3.0/plugins/com.st.stm32cube.ide.mcu.externaltools.gnu-tools-for-stm32.7-2018-q2-update.linux64_1.0.0.201904181610/tools/bin/../lib/gcc/arm-none-eabi/7.3.1/../../../../arm-none-eabi/lib/thumb/v8-m.main/fpv5-sp/hard/libc_nano.a(lib_a-fflush.o)
                0x0000000008008a0c                _fflush_r
 .text.std      0x0000000008008a60       0x48 /home/manar/st/stm32cubeide_1.3.0/plugins/com.st.stm32cube.ide.mcu.externaltools.gnu-tools-for-stm32.7-2018-q2-update.linux64_1.0.0.201904181610/tools/bin/../lib/gcc/arm-none-eabi/7.3.1/../../../../arm-none-eabi/lib/thumb/v8-m.main/fpv5-sp/hard/libc_nano.a(lib_a-findfp.o)
 .text._cleanup_r
                0x0000000008008aa8        0xc /home/manar/st/stm32cubeide_1.3.0/plugins/com.st.stm32cube.ide.mcu.externaltools.gnu-tools-for-stm32.7-2018-q2-update.linux64_1.0.0.201904181610/tools/bin/../lib/gcc/arm-none-eabi/7.3.1/../../../../arm-none-eabi/lib/thumb/v8-m.main/fpv5-sp/hard/libc_nano.a(lib_a-findfp.o)
                0x0000000008008aa8                _cleanup_r
 .text.__sfmoreglue
                0x0000000008008ab4       0x2c /home/manar/st/stm32cubeide_1.3.0/plugins/com.st.stm32cube.ide.mcu.externaltools.gnu-tools-for-stm32.7-2018-q2-update.linux64_1.0.0.201904181610/tools/bin/../lib/gcc/arm-none-eabi/7.3.1/../../../../arm-none-eabi/lib/thumb/v8-m.main/fpv5-sp/hard/libc_nano.a(lib_a-findfp.o)
                0x0000000008008ab4                __sfmoreglue
 .text.__sinit  0x0000000008008ae0       0x60 /home/manar/st/stm32cubeide_1.3.0/plugins/com.st.stm32cube.ide.mcu.externaltools.gnu-tools-for-stm32.7-2018-q2-update.linux64_1.0.0.201904181610/tools/bin/../lib/gcc/arm-none-eabi/7.3.1/../../../../arm-none-eabi/lib/thumb/v8-m.main/fpv5-sp/hard/libc_nano.a(lib_a-findfp.o)
                0x0000000008008ae0                __sinit
 .text.__sfp    0x0000000008008b40       0x78 /home/manar/st/stm32cubeide_1.3.0/plugins/com.st.stm32cube.ide.mcu.externaltools.gnu-tools-for-stm32.7-2018-q2-update.linux64_1.0.0.201904181610/tools/bin/../lib/gcc/arm-none-eabi/7.3.1/../../../../arm-none-eabi/lib/thumb/v8-m.main/fpv5-sp/hard/libc_nano.a(lib_a-findfp.o)
                0x0000000008008b40                __sfp
 .text._fwalk_reent
                0x0000000008008bb8       0x3c /home/manar/st/stm32cubeide_1.3.0/plugins/com.st.stm32cube.ide.mcu.externaltools.gnu-tools-for-stm32.7-2018-q2-update.linux64_1.0.0.201904181610/tools/bin/../lib/gcc/arm-none-eabi/7.3.1/../../../../arm-none-eabi/lib/thumb/v8-m.main/fpv5-sp/hard/libc_nano.a(lib_a-fwalk.o)
                0x0000000008008bb8                _fwalk_reent
 .text.__swhatbuf_r
                0x0000000008008bf4       0x48 /home/manar/st/stm32cubeide_1.3.0/plugins/com.st.stm32cube.ide.mcu.externaltools.gnu-tools-for-stm32.7-2018-q2-update.linux64_1.0.0.201904181610/tools/bin/../lib/gcc/arm-none-eabi/7.3.1/../../../../arm-none-eabi/lib/thumb/v8-m.main/fpv5-sp/hard/libc_nano.a(lib_a-makebuf.o)
                0x0000000008008bf4                __swhatbuf_r
 .text.__smakebuf_r
                0x0000000008008c3c       0x80 /home/manar/st/stm32cubeide_1.3.0/plugins/com.st.stm32cube.ide.mcu.externaltools.gnu-tools-for-stm32.7-2018-q2-update.linux64_1.0.0.201904181610/tools/bin/../lib/gcc/arm-none-eabi/7.3.1/../../../../arm-none-eabi/lib/thumb/v8-m.main/fpv5-sp/hard/libc_nano.a(lib_a-makebuf.o)
                0x0000000008008c3c                __smakebuf_r
 .text.malloc   0x0000000008008cbc       0x10 /home/manar/st/stm32cubeide_1.3.0/plugins/com.st.stm32cube.ide.mcu.externaltools.gnu-tools-for-stm32.7-2018-q2-update.linux64_1.0.0.201904181610/tools/bin/../lib/gcc/arm-none-eabi/7.3.1/../../../../arm-none-eabi/lib/thumb/v8-m.main/fpv5-sp/hard/libc_nano.a(lib_a-malloc.o)
                0x0000000008008cbc                malloc
 .text._free_r  0x0000000008008ccc       0x9c /home/manar/st/stm32cubeide_1.3.0/plugins/com.st.stm32cube.ide.mcu.externaltools.gnu-tools-for-stm32.7-2018-q2-update.linux64_1.0.0.201904181610/tools/bin/../lib/gcc/arm-none-eabi/7.3.1/../../../../arm-none-eabi/lib/thumb/v8-m.main/fpv5-sp/hard/libc_nano.a(lib_a-nano-freer.o)
                0x0000000008008ccc                _free_r
 .text._malloc_r
                0x0000000008008d68       0xb4 /home/manar/st/stm32cubeide_1.3.0/plugins/com.st.stm32cube.ide.mcu.externaltools.gnu-tools-for-stm32.7-2018-q2-update.linux64_1.0.0.201904181610/tools/bin/../lib/gcc/arm-none-eabi/7.3.1/../../../../arm-none-eabi/lib/thumb/v8-m.main/fpv5-sp/hard/libc_nano.a(lib_a-nano-mallocr.o)
                0x0000000008008d68                _malloc_r
 .text.__sfputc_r
                0x0000000008008e1c       0x2e /home/manar/st/stm32cubeide_1.3.0/plugins/com.st.stm32cube.ide.mcu.externaltools.gnu-tools-for-stm32.7-2018-q2-update.linux64_1.0.0.201904181610/tools/bin/../lib/gcc/arm-none-eabi/7.3.1/../../../../arm-none-eabi/lib/thumb/v8-m.main/fpv5-sp/hard/libc_nano.a(lib_a-nano-vfprintf.o)
 .text.__sfputs_r
                0x0000000008008e4a       0x24 /home/manar/st/stm32cubeide_1.3.0/plugins/com.st.stm32cube.ide.mcu.externaltools.gnu-tools-for-stm32.7-2018-q2-update.linux64_1.0.0.201904181610/tools/bin/../lib/gcc/arm-none-eabi/7.3.1/../../../../arm-none-eabi/lib/thumb/v8-m.main/fpv5-sp/hard/libc_nano.a(lib_a-nano-vfprintf.o)
                0x0000000008008e4a                __sfputs_r
 *fill*         0x0000000008008e6e        0x2 
 .text._vfprintf_r
                0x0000000008008e70      0x22c /home/manar/st/stm32cubeide_1.3.0/plugins/com.st.stm32cube.ide.mcu.externaltools.gnu-tools-for-stm32.7-2018-q2-update.linux64_1.0.0.201904181610/tools/bin/../lib/gcc/arm-none-eabi/7.3.1/../../../../arm-none-eabi/lib/thumb/v8-m.main/fpv5-sp/hard/libc_nano.a(lib_a-nano-vfprintf.o)
                0x0000000008008e70                _vfiprintf_r
                0x0000000008008e70                _vfprintf_r
 .text._printf_common
                0x000000000800909c       0xf0 /home/manar/st/stm32cubeide_1.3.0/plugins/com.st.stm32cube.ide.mcu.externaltools.gnu-tools-for-stm32.7-2018-q2-update.linux64_1.0.0.201904181610/tools/bin/../lib/gcc/arm-none-eabi/7.3.1/../../../../arm-none-eabi/lib/thumb/v8-m.main/fpv5-sp/hard/libc_nano.a(lib_a-nano-vfprintf_i.o)
                0x000000000800909c                _printf_common
 .text._printf_i
                0x000000000800918c      0x224 /home/manar/st/stm32cubeide_1.3.0/plugins/com.st.stm32cube.ide.mcu.externaltools.gnu-tools-for-stm32.7-2018-q2-update.linux64_1.0.0.201904181610/tools/bin/../lib/gcc/arm-none-eabi/7.3.1/../../../../arm-none-eabi/lib/thumb/v8-m.main/fpv5-sp/hard/libc_nano.a(lib_a-nano-vfprintf_i.o)
                0x000000000800918c                _printf_i
 .text._putc_r  0x00000000080093b0       0x6c /home/manar/st/stm32cubeide_1.3.0/plugins/com.st.stm32cube.ide.mcu.externaltools.gnu-tools-for-stm32.7-2018-q2-update.linux64_1.0.0.201904181610/tools/bin/../lib/gcc/arm-none-eabi/7.3.1/../../../../arm-none-eabi/lib/thumb/v8-m.main/fpv5-sp/hard/libc_nano.a(lib_a-putc.o)
                0x00000000080093b0                _putc_r
 .text._sbrk_r  0x000000000800941c       0x20 /home/manar/st/stm32cubeide_1.3.0/plugins/com.st.stm32cube.ide.mcu.externaltools.gnu-tools-for-stm32.7-2018-q2-update.linux64_1.0.0.201904181610/tools/bin/../lib/gcc/arm-none-eabi/7.3.1/../../../../arm-none-eabi/lib/thumb/v8-m.main/fpv5-sp/hard/libc_nano.a(lib_a-sbrkr.o)
                0x000000000800941c                _sbrk_r
 .text.__sread  0x000000000800943c       0x22 /home/manar/st/stm32cubeide_1.3.0/plugins/com.st.stm32cube.ide.mcu.externaltools.gnu-tools-for-stm32.7-2018-q2-update.linux64_1.0.0.201904181610/tools/bin/../lib/gcc/arm-none-eabi/7.3.1/../../../../arm-none-eabi/lib/thumb/v8-m.main/fpv5-sp/hard/libc_nano.a(lib_a-stdio.o)
                0x000000000800943c                __sread
 .text.__swrite
                0x000000000800945e       0x38 /home/manar/st/stm32cubeide_1.3.0/plugins/com.st.stm32cube.ide.mcu.externaltools.gnu-tools-for-stm32.7-2018-q2-update.linux64_1.0.0.201904181610/tools/bin/../lib/gcc/arm-none-eabi/7.3.1/../../../../arm-none-eabi/lib/thumb/v8-m.main/fpv5-sp/hard/libc_nano.a(lib_a-stdio.o)
                0x000000000800945e                __swrite
 .text.__sseek  0x0000000008009496       0x24 /home/manar/st/stm32cubeide_1.3.0/plugins/com.st.stm32cube.ide.mcu.externaltools.gnu-tools-for-stm32.7-2018-q2-update.linux64_1.0.0.201904181610/tools/bin/../lib/gcc/arm-none-eabi/7.3.1/../../../../arm-none-eabi/lib/thumb/v8-m.main/fpv5-sp/hard/libc_nano.a(lib_a-stdio.o)
                0x0000000008009496                __sseek
 .text.__sclose
                0x00000000080094ba        0x8 /home/manar/st/stm32cubeide_1.3.0/plugins/com.st.stm32cube.ide.mcu.externaltools.gnu-tools-for-stm32.7-2018-q2-update.linux64_1.0.0.201904181610/tools/bin/../lib/gcc/arm-none-eabi/7.3.1/../../../../arm-none-eabi/lib/thumb/v8-m.main/fpv5-sp/hard/libc_nano.a(lib_a-stdio.o)
                0x00000000080094ba                __sclose
 *fill*         0x00000000080094c2        0x2 
 .text._write_r
                0x00000000080094c4       0x24 /home/manar/st/stm32cubeide_1.3.0/plugins/com.st.stm32cube.ide.mcu.externaltools.gnu-tools-for-stm32.7-2018-q2-update.linux64_1.0.0.201904181610/tools/bin/../lib/gcc/arm-none-eabi/7.3.1/../../../../arm-none-eabi/lib/thumb/v8-m.main/fpv5-sp/hard/libc_nano.a(lib_a-writer.o)
                0x00000000080094c4                _write_r
 .text._close_r
                0x00000000080094e8       0x20 /home/manar/st/stm32cubeide_1.3.0/plugins/com.st.stm32cube.ide.mcu.externaltools.gnu-tools-for-stm32.7-2018-q2-update.linux64_1.0.0.201904181610/tools/bin/../lib/gcc/arm-none-eabi/7.3.1/../../../../arm-none-eabi/lib/thumb/v8-m.main/fpv5-sp/hard/libc_nano.a(lib_a-closer.o)
                0x00000000080094e8                _close_r
 .text._fstat_r
                0x0000000008009508       0x24 /home/manar/st/stm32cubeide_1.3.0/plugins/com.st.stm32cube.ide.mcu.externaltools.gnu-tools-for-stm32.7-2018-q2-update.linux64_1.0.0.201904181610/tools/bin/../lib/gcc/arm-none-eabi/7.3.1/../../../../arm-none-eabi/lib/thumb/v8-m.main/fpv5-sp/hard/libc_nano.a(lib_a-fstatr.o)
                0x0000000008009508                _fstat_r
 .text._isatty_r
                0x000000000800952c       0x20 /home/manar/st/stm32cubeide_1.3.0/plugins/com.st.stm32cube.ide.mcu.externaltools.gnu-tools-for-stm32.7-2018-q2-update.linux64_1.0.0.201904181610/tools/bin/../lib/gcc/arm-none-eabi/7.3.1/../../../../arm-none-eabi/lib/thumb/v8-m.main/fpv5-sp/hard/libc_nano.a(lib_a-isattyr.o)
                0x000000000800952c                _isatty_r
 .text._lseek_r
                0x000000000800954c       0x24 /home/manar/st/stm32cubeide_1.3.0/plugins/com.st.stm32cube.ide.mcu.externaltools.gnu-tools-for-stm32.7-2018-q2-update.linux64_1.0.0.201904181610/tools/bin/../lib/gcc/arm-none-eabi/7.3.1/../../../../arm-none-eabi/lib/thumb/v8-m.main/fpv5-sp/hard/libc_nano.a(lib_a-lseekr.o)
                0x000000000800954c                _lseek_r
 .text.memchr   0x0000000008009570       0x1c /home/manar/st/stm32cubeide_1.3.0/plugins/com.st.stm32cube.ide.mcu.externaltools.gnu-tools-for-stm32.7-2018-q2-update.linux64_1.0.0.201904181610/tools/bin/../lib/gcc/arm-none-eabi/7.3.1/../../../../arm-none-eabi/lib/thumb/v8-m.main/fpv5-sp/hard/libc_nano.a(lib_a-memchr-stub.o)
                0x0000000008009570                memchr
 .text.__malloc_lock
                0x000000000800958c        0x2 /home/manar/st/stm32cubeide_1.3.0/plugins/com.st.stm32cube.ide.mcu.externaltools.gnu-tools-for-stm32.7-2018-q2-update.linux64_1.0.0.201904181610/tools/bin/../lib/gcc/arm-none-eabi/7.3.1/../../../../arm-none-eabi/lib/thumb/v8-m.main/fpv5-sp/hard/libc_nano.a(lib_a-mlock.o)
                0x000000000800958c                __malloc_lock
 .text.__malloc_unlock
                0x000000000800958e        0x2 /home/manar/st/stm32cubeide_1.3.0/plugins/com.st.stm32cube.ide.mcu.externaltools.gnu-tools-for-stm32.7-2018-q2-update.linux64_1.0.0.201904181610/tools/bin/../lib/gcc/arm-none-eabi/7.3.1/../../../../arm-none-eabi/lib/thumb/v8-m.main/fpv5-sp/hard/libc_nano.a(lib_a-mlock.o)
                0x000000000800958e                __malloc_unlock
 .text._read_r  0x0000000008009590       0x24 /home/manar/st/stm32cubeide_1.3.0/plugins/com.st.stm32cube.ide.mcu.externaltools.gnu-tools-for-stm32.7-2018-q2-update.linux64_1.0.0.201904181610/tools/bin/../lib/gcc/arm-none-eabi/7.3.1/../../../../arm-none-eabi/lib/thumb/v8-m.main/fpv5-sp/hard/libc_nano.a(lib_a-readr.o)
                0x0000000008009590                _read_r
 *(.glue_7)
 .glue_7        0x00000000080095b4        0x0 linker stubs
 *(.glue_7t)
 .glue_7t       0x00000000080095b4        0x0 linker stubs
 *(.eh_frame)
 .eh_frame      0x00000000080095b4        0x0 /home/manar/st/stm32cubeide_1.3.0/plugins/com.st.stm32cube.ide.mcu.externaltools.gnu-tools-for-stm32.7-2018-q2-update.linux64_1.0.0.201904181610/tools/bin/../lib/gcc/arm-none-eabi/7.3.1/thumb/v8-m.main/fpv5-sp/hard/crtbegin.o
 *(.init)
 .init          0x00000000080095b4        0x4 /home/manar/st/stm32cubeide_1.3.0/plugins/com.st.stm32cube.ide.mcu.externaltools.gnu-tools-for-stm32.7-2018-q2-update.linux64_1.0.0.201904181610/tools/bin/../lib/gcc/arm-none-eabi/7.3.1/thumb/v8-m.main/fpv5-sp/hard/crti.o
                0x00000000080095b4                _init
 .init          0x00000000080095b8        0x8 /home/manar/st/stm32cubeide_1.3.0/plugins/com.st.stm32cube.ide.mcu.externaltools.gnu-tools-for-stm32.7-2018-q2-update.linux64_1.0.0.201904181610/tools/bin/../lib/gcc/arm-none-eabi/7.3.1/thumb/v8-m.main/fpv5-sp/hard/crtn.o
 *(.fini)
 .fini          0x00000000080095c0        0x4 /home/manar/st/stm32cubeide_1.3.0/plugins/com.st.stm32cube.ide.mcu.externaltools.gnu-tools-for-stm32.7-2018-q2-update.linux64_1.0.0.201904181610/tools/bin/../lib/gcc/arm-none-eabi/7.3.1/thumb/v8-m.main/fpv5-sp/hard/crti.o
                0x00000000080095c0                _fini
 .fini          0x00000000080095c4        0x8 /home/manar/st/stm32cubeide_1.3.0/plugins/com.st.stm32cube.ide.mcu.externaltools.gnu-tools-for-stm32.7-2018-q2-update.linux64_1.0.0.201904181610/tools/bin/../lib/gcc/arm-none-eabi/7.3.1/thumb/v8-m.main/fpv5-sp/hard/crtn.o
                0x00000000080095d0                . = ALIGN (0x8)
 *fill*         0x00000000080095cc        0x4 
                0x00000000080095d0                _etext = .

.vfp11_veneer   0x00000000080095d0        0x0
 .vfp11_veneer  0x00000000080095d0        0x0 linker stubs

.v4_bx          0x00000000080095d0        0x0
 .v4_bx         0x00000000080095d0        0x0 linker stubs

.iplt           0x00000000080095d0        0x0
 .iplt          0x00000000080095d0        0x0 /home/manar/st/stm32cubeide_1.3.0/plugins/com.st.stm32cube.ide.mcu.externaltools.gnu-tools-for-stm32.7-2018-q2-update.linux64_1.0.0.201904181610/tools/bin/../lib/gcc/arm-none-eabi/7.3.1/thumb/v8-m.main/fpv5-sp/hard/crtbegin.o

.rodata         0x00000000080095d0      0x4a8
                0x00000000080095d0                . = ALIGN (0x8)
 *(.rodata)
 .rodata        0x00000000080095d0       0x10 Drivers/STM32L5xx_HAL_Driver/Src/stm32l5xx_hal_uart_ex.o
 .rodata        0x00000000080095e0       0x14 Middlewares/ST/BlueNRG-MS/hci/controller/bluenrg_gap_aci.o
 .rodata        0x00000000080095f4      0x1f1 Src/app_bluenrg_ms.o
 *fill*         0x00000000080097e5        0x3 
 .rodata        0x00000000080097e8       0xd2 Src/gatt_db.o
 *fill*         0x00000000080098ba        0x2 
 .rodata        0x00000000080098bc        0x6 Src/hci_tl_interface.o
 *fill*         0x00000000080098c2        0x2 
 .rodata        0x00000000080098c4       0xb2 Src/sensor.o
 *(.rodata*)
 *fill*         0x0000000008009976        0x2 
 .rodata.BUTTON_EXTI_LINE.8954
                0x0000000008009978        0x4 Drivers/BSP/STM32L5xx_Nucleo/stm32l5xx_nucleo.o
 .rodata.ButtonCallback.8952
                0x000000000800997c        0x4 Drivers/BSP/STM32L5xx_Nucleo/stm32l5xx_nucleo.o
 .rodata.BSP_BUTTON_PRIO.8953
                0x0000000008009980        0x4 Drivers/BSP/STM32L5xx_Nucleo/stm32l5xx_nucleo.o
 .rodata.AHBPrescTable
                0x0000000008009984       0x10 Src/system_stm32l5xx.o
                0x0000000008009984                AHBPrescTable
 .rodata.APBPrescTable
                0x0000000008009994        0x8 Src/system_stm32l5xx.o
                0x0000000008009994                APBPrescTable
 .rodata.MSIRangeTable
                0x000000000800999c       0x40 Src/system_stm32l5xx.o
                0x000000000800999c                MSIRangeTable
 .rodata._global_impure_ptr
                0x00000000080099dc        0x4 /home/manar/st/stm32cubeide_1.3.0/plugins/com.st.stm32cube.ide.mcu.externaltools.gnu-tools-for-stm32.7-2018-q2-update.linux64_1.0.0.201904181610/tools/bin/../lib/gcc/arm-none-eabi/7.3.1/../../../../arm-none-eabi/lib/thumb/v8-m.main/fpv5-sp/hard/libc_nano.a(lib_a-impure.o)
                0x00000000080099dc                _global_impure_ptr
 .rodata.__sf_fake_stderr
                0x00000000080099e0       0x20 /home/manar/st/stm32cubeide_1.3.0/plugins/com.st.stm32cube.ide.mcu.externaltools.gnu-tools-for-stm32.7-2018-q2-update.linux64_1.0.0.201904181610/tools/bin/../lib/gcc/arm-none-eabi/7.3.1/../../../../arm-none-eabi/lib/thumb/v8-m.main/fpv5-sp/hard/libc_nano.a(lib_a-findfp.o)
                0x00000000080099e0                __sf_fake_stderr
 .rodata.__sf_fake_stdin
                0x0000000008009a00       0x20 /home/manar/st/stm32cubeide_1.3.0/plugins/com.st.stm32cube.ide.mcu.externaltools.gnu-tools-for-stm32.7-2018-q2-update.linux64_1.0.0.201904181610/tools/bin/../lib/gcc/arm-none-eabi/7.3.1/../../../../arm-none-eabi/lib/thumb/v8-m.main/fpv5-sp/hard/libc_nano.a(lib_a-findfp.o)
                0x0000000008009a00                __sf_fake_stdin
 .rodata.__sf_fake_stdout
                0x0000000008009a20       0x20 /home/manar/st/stm32cubeide_1.3.0/plugins/com.st.stm32cube.ide.mcu.externaltools.gnu-tools-for-stm32.7-2018-q2-update.linux64_1.0.0.201904181610/tools/bin/../lib/gcc/arm-none-eabi/7.3.1/../../../../arm-none-eabi/lib/thumb/v8-m.main/fpv5-sp/hard/libc_nano.a(lib_a-findfp.o)
                0x0000000008009a20                __sf_fake_stdout
 .rodata._vfprintf_r.str1.1
                0x0000000008009a40       0x11 /home/manar/st/stm32cubeide_1.3.0/plugins/com.st.stm32cube.ide.mcu.externaltools.gnu-tools-for-stm32.7-2018-q2-update.linux64_1.0.0.201904181610/tools/bin/../lib/gcc/arm-none-eabi/7.3.1/../../../../arm-none-eabi/lib/thumb/v8-m.main/fpv5-sp/hard/libc_nano.a(lib_a-nano-vfprintf.o)
 .rodata._printf_i.str1.1
                0x0000000008009a51       0x22 /home/manar/st/stm32cubeide_1.3.0/plugins/com.st.stm32cube.ide.mcu.externaltools.gnu-tools-for-stm32.7-2018-q2-update.linux64_1.0.0.201904181610/tools/bin/../lib/gcc/arm-none-eabi/7.3.1/../../../../arm-none-eabi/lib/thumb/v8-m.main/fpv5-sp/hard/libc_nano.a(lib_a-nano-vfprintf_i.o)
                0x0000000008009a78                . = ALIGN (0x8)
 *fill*         0x0000000008009a73        0x5 

.ARM.extab      0x0000000008009a78        0x0
                0x0000000008009a78                . = ALIGN (0x8)
 *(.ARM.extab* .gnu.linkonce.armextab.*)
                0x0000000008009a78                . = ALIGN (0x8)

.ARM            0x0000000008009a78        0x8
                0x0000000008009a78                . = ALIGN (0x8)
                0x0000000008009a78                __exidx_start = .
 *(.ARM.exidx*)
 .ARM.exidx     0x0000000008009a78        0x8 /home/manar/st/stm32cubeide_1.3.0/plugins/com.st.stm32cube.ide.mcu.externaltools.gnu-tools-for-stm32.7-2018-q2-update.linux64_1.0.0.201904181610/tools/bin/../lib/gcc/arm-none-eabi/7.3.1/thumb/v8-m.main/fpv5-sp/hard/libgcc.a(_udivmoddi4.o)
                0x0000000008009a80                __exidx_end = .
                0x0000000008009a80                . = ALIGN (0x8)

.rel.dyn        0x0000000008009a80        0x0
 .rel.iplt      0x0000000008009a80        0x0 /home/manar/st/stm32cubeide_1.3.0/plugins/com.st.stm32cube.ide.mcu.externaltools.gnu-tools-for-stm32.7-2018-q2-update.linux64_1.0.0.201904181610/tools/bin/../lib/gcc/arm-none-eabi/7.3.1/thumb/v8-m.main/fpv5-sp/hard/crtbegin.o

.preinit_array  0x0000000008009a80        0x0
                0x0000000008009a80                . = ALIGN (0x8)
                0x0000000008009a80                PROVIDE (__preinit_array_start = .)
 *(.preinit_array*)
                0x0000000008009a80                PROVIDE (__preinit_array_end = .)
                0x0000000008009a80                . = ALIGN (0x8)

.init_array     0x0000000008009a80        0x8
                0x0000000008009a80                . = ALIGN (0x8)
                0x0000000008009a80                PROVIDE (__init_array_start = .)
 *(SORT_BY_NAME(.init_array.*))
 *(.init_array*)
 .init_array    0x0000000008009a80        0x4 /home/manar/st/stm32cubeide_1.3.0/plugins/com.st.stm32cube.ide.mcu.externaltools.gnu-tools-for-stm32.7-2018-q2-update.linux64_1.0.0.201904181610/tools/bin/../lib/gcc/arm-none-eabi/7.3.1/thumb/v8-m.main/fpv5-sp/hard/crtbegin.o
                0x0000000008009a84                PROVIDE (__init_array_end = .)
                0x0000000008009a88                . = ALIGN (0x8)
 *fill*         0x0000000008009a84        0x4 

.fini_array     0x0000000008009a88        0x8
                0x0000000008009a88                . = ALIGN (0x8)
                [!provide]                        PROVIDE (__fini_array_start = .)
 *(SORT_BY_NAME(.fini_array.*))
 *(.fini_array*)
 .fini_array    0x0000000008009a88        0x4 /home/manar/st/stm32cubeide_1.3.0/plugins/com.st.stm32cube.ide.mcu.externaltools.gnu-tools-for-stm32.7-2018-q2-update.linux64_1.0.0.201904181610/tools/bin/../lib/gcc/arm-none-eabi/7.3.1/thumb/v8-m.main/fpv5-sp/hard/crtbegin.o
                [!provide]                        PROVIDE (__fini_array_end = .)
                0x0000000008009a90                . = ALIGN (0x8)
 *fill*         0x0000000008009a8c        0x4 
                0x0000000008009a90                _sidata = LOADADDR (.data)

.data           0x0000000020000000       0x90 load address 0x0000000008009a90
                0x0000000020000000                . = ALIGN (0x8)
                0x0000000020000000                _sdata = .
 *(.data)
 *(.data*)
 .data.LED_PORT
                0x0000000020000000        0x4 Drivers/BSP/STM32L5xx_Nucleo/stm32l5xx_nucleo.o
 .data.BUTTON_PORT
                0x0000000020000004        0x4 Drivers/BSP/STM32L5xx_Nucleo/stm32l5xx_nucleo.o
 .data.hpb_exti
                0x0000000020000008        0xc Drivers/BSP/STM32L5xx_Nucleo/stm32l5xx_nucleo.o
                0x0000000020000008                hpb_exti
 .data.COM_USART
                0x0000000020000014        0x4 Drivers/BSP/STM32L5xx_Nucleo/stm32l5xx_nucleo.o
                0x0000000020000014                COM_USART
 .data.uwTickPrio
                0x0000000020000018        0x4 Drivers/STM32L5xx_HAL_Driver/Src/stm32l5xx_hal.o
                0x0000000020000018                uwTickPrio
 .data.uwTickFreq
                0x000000002000001c        0x4 Drivers/STM32L5xx_HAL_Driver/Src/stm32l5xx_hal.o
                0x000000002000001c                uwTickFreq
 .data.user_button_init_state
                0x0000000020000020        0x1 Src/app_bluenrg_ms.o
 .data.set_connectable
                0x0000000020000021        0x1 Src/sensor.o
                0x0000000020000021                set_connectable
 *fill*         0x0000000020000022        0x2 
 .data.SystemCoreClock
                0x0000000020000024        0x4 Src/system_stm32l5xx.o
                0x0000000020000024                SystemCoreClock
 .data._impure_ptr
                0x0000000020000028        0x4 /home/manar/st/stm32cubeide_1.3.0/plugins/com.st.stm32cube.ide.mcu.externaltools.gnu-tools-for-stm32.7-2018-q2-update.linux64_1.0.0.201904181610/tools/bin/../lib/gcc/arm-none-eabi/7.3.1/../../../../arm-none-eabi/lib/thumb/v8-m.main/fpv5-sp/hard/libc_nano.a(lib_a-impure.o)
                0x0000000020000028                _impure_ptr
 .data.impure_data
                0x000000002000002c       0x60 /home/manar/st/stm32cubeide_1.3.0/plugins/com.st.stm32cube.ide.mcu.externaltools.gnu-tools-for-stm32.7-2018-q2-update.linux64_1.0.0.201904181610/tools/bin/../lib/gcc/arm-none-eabi/7.3.1/../../../../arm-none-eabi/lib/thumb/v8-m.main/fpv5-sp/hard/libc_nano.a(lib_a-impure.o)
                0x0000000020000090                . = ALIGN (0x8)
 *fill*         0x000000002000008c        0x4 
                0x0000000020000090                _edata = .

.igot.plt       0x0000000020000090        0x0 load address 0x0000000008009b20
 .igot.plt      0x0000000020000090        0x0 /home/manar/st/stm32cubeide_1.3.0/plugins/com.st.stm32cube.ide.mcu.externaltools.gnu-tools-for-stm32.7-2018-q2-update.linux64_1.0.0.201904181610/tools/bin/../lib/gcc/arm-none-eabi/7.3.1/thumb/v8-m.main/fpv5-sp/hard/crtbegin.o
                0x0000000020000090                . = ALIGN (0x8)

.bss            0x0000000020000090      0x598 load address 0x0000000008009b20
                0x0000000020000090                _sbss = .
                0x0000000020000090                __bss_start__ = _sbss
 *(.bss)
 .bss           0x0000000020000090       0x1c /home/manar/st/stm32cubeide_1.3.0/plugins/com.st.stm32cube.ide.mcu.externaltools.gnu-tools-for-stm32.7-2018-q2-update.linux64_1.0.0.201904181610/tools/bin/../lib/gcc/arm-none-eabi/7.3.1/thumb/v8-m.main/fpv5-sp/hard/crtbegin.o
 *(.bss*)
 .bss.COM_ActiveLogPort
                0x00000000200000ac        0x1 Drivers/BSP/STM32L5xx_Nucleo/stm32l5xx_nucleo.o
 *fill*         0x00000000200000ad        0x3 
 .bss.hciReadPacketBuffer
                0x00000000200000b0      0x2bc Middlewares/ST/BlueNRG-MS/hci/hci_tl_patterns/Basic/hci_tl.o
 .bss.hciContext
                0x000000002000036c       0x20 Middlewares/ST/BlueNRG-MS/hci/hci_tl_patterns/Basic/hci_tl.o
 .bss.bnrg_expansion_board
                0x000000002000038c        0x1 Src/app_bluenrg_ms.o
                0x000000002000038c                bnrg_expansion_board
 .bss.user_button_pressed
                0x000000002000038d        0x1 Src/app_bluenrg_ms.o
 *fill*         0x000000002000038e        0x2 
 .bss.counter.12068
                0x0000000020000390        0x4 Src/app_bluenrg_ms.o
 .bss.read_char_buf.10161
                0x0000000020000394       0xff Src/hci_tl_interface.o
 *fill*         0x0000000020000493        0x1 
 .bss.connection_handle
                0x0000000020000494        0x2 Src/sensor.o
                0x0000000020000494                connection_handle
 .bss.notification_enabled
                0x0000000020000496        0x1 Src/sensor.o
                0x0000000020000496                notification_enabled
 *fill*         0x0000000020000497        0x1 
 .bss.connected
                0x0000000020000498        0x4 Src/sensor.o
                0x0000000020000498                connected
 .bss.x_axes    0x000000002000049c        0xc Src/sensor.o
                0x000000002000049c                x_axes
 .bss.g_axes    0x00000000200004a8        0xc Src/sensor.o
                0x00000000200004a8                g_axes
 .bss.m_axes    0x00000000200004b4        0xc Src/sensor.o
                0x00000000200004b4                m_axes
 .bss.q_axes    0x00000000200004c0        0xc Src/sensor.o
                0x00000000200004c0                q_axes
 .bss.SPI1InitCounter
                0x00000000200004cc        0x4 Src/stm32l5xx_nucleo_bus.o
 .bss.heap_end.6424
                0x00000000200004d0        0x4 Src/sysmem.o
 .bss.__malloc_free_list
                0x00000000200004d4        0x4 /home/manar/st/stm32cubeide_1.3.0/plugins/com.st.stm32cube.ide.mcu.externaltools.gnu-tools-for-stm32.7-2018-q2-update.linux64_1.0.0.201904181610/tools/bin/../lib/gcc/arm-none-eabi/7.3.1/../../../../arm-none-eabi/lib/thumb/v8-m.main/fpv5-sp/hard/libc_nano.a(lib_a-nano-mallocr.o)
                0x00000000200004d4                __malloc_free_list
 .bss.__malloc_sbrk_start
                0x00000000200004d8        0x4 /home/manar/st/stm32cubeide_1.3.0/plugins/com.st.stm32cube.ide.mcu.externaltools.gnu-tools-for-stm32.7-2018-q2-update.linux64_1.0.0.201904181610/tools/bin/../lib/gcc/arm-none-eabi/7.3.1/../../../../arm-none-eabi/lib/thumb/v8-m.main/fpv5-sp/hard/libc_nano.a(lib_a-nano-mallocr.o)
                0x00000000200004d8                __malloc_sbrk_start
 *(COMMON)
 COMMON         0x00000000200004dc       0x8c Drivers/BSP/STM32L5xx_Nucleo/stm32l5xx_nucleo.o
                0x00000000200004dc                hcom_uart
 COMMON         0x0000000020000568        0x4 Drivers/STM32L5xx_HAL_Driver/Src/stm32l5xx_hal.o
                0x0000000020000568                uwTick
 COMMON         0x000000002000056c       0x10 Middlewares/ST/BlueNRG-MS/hci/hci_tl_patterns/Basic/hci_tl.o
                0x000000002000056c                hciReadPktPool
                0x0000000020000574                hciReadPktRxQueue
 COMMON         0x000000002000057c        0x6 Src/app_bluenrg_ms.o
                0x000000002000057c                bdaddr
 *fill*         0x0000000020000582        0x2 
 COMMON         0x0000000020000584       0x2c Src/gatt_db.o
                0x0000000020000584                EnvironmentalCharHandle
                0x0000000020000586                QuaternionsCharHandle
                0x0000000020000588                char_uuid
                0x0000000020000598                SWServW2STHandle
                0x000000002000059a                HWServW2STHandle
                0x000000002000059c                AccGyroMagCharHandle
                0x00000000200005a0                service_uuid
 COMMON         0x00000000200005b0        0xc Src/hci_tl_interface.o
                0x00000000200005b0                hexti3
 COMMON         0x00000000200005bc       0x64 Src/stm32l5xx_nucleo_bus.o
                0x00000000200005bc                hspi1
 COMMON         0x0000000020000620        0x4 /home/manar/st/stm32cubeide_1.3.0/plugins/com.st.stm32cube.ide.mcu.externaltools.gnu-tools-for-stm32.7-2018-q2-update.linux64_1.0.0.201904181610/tools/bin/../lib/gcc/arm-none-eabi/7.3.1/../../../../arm-none-eabi/lib/thumb/v8-m.main/fpv5-sp/hard/libc_nano.a(lib_a-reent.o)
                0x0000000020000620                errno
                0x0000000020000628                . = ALIGN (0x8)
 *fill*         0x0000000020000624        0x4 
                0x0000000020000628                _ebss = .
                0x0000000020000628                __bss_end__ = _ebss

._user_heap_stack
                0x0000000020000628      0x600 load address 0x0000000008009b20
                0x0000000020000628                . = ALIGN (0x8)
                0x0000000020000628                PROVIDE (end = .)
                [!provide]                        PROVIDE (_end = .)
                0x0000000020000828                . = (. + _Min_Heap_Size)
 *fill*         0x0000000020000628      0x200 
                0x0000000020000c28                . = (. + _Min_Stack_Size)
 *fill*         0x0000000020000828      0x400 
                0x0000000020000c28                . = ALIGN (0x8)

/DISCARD/
 libc.a(*)
 libm.a(*)
 libgcc.a(*)

.ARM.attributes
                0x0000000000000000       0x36
 *(.ARM.attributes)
 .ARM.attributes
                0x0000000000000000       0x26 /home/manar/st/stm32cubeide_1.3.0/plugins/com.st.stm32cube.ide.mcu.externaltools.gnu-tools-for-stm32.7-2018-q2-update.linux64_1.0.0.201904181610/tools/bin/../lib/gcc/arm-none-eabi/7.3.1/thumb/v8-m.main/fpv5-sp/hard/crti.o
 .ARM.attributes
                0x0000000000000026       0x38 /home/manar/st/stm32cubeide_1.3.0/plugins/com.st.stm32cube.ide.mcu.externaltools.gnu-tools-for-stm32.7-2018-q2-update.linux64_1.0.0.201904181610/tools/bin/../lib/gcc/arm-none-eabi/7.3.1/thumb/v8-m.main/fpv5-sp/hard/crtbegin.o
 .ARM.attributes
                0x000000000000005e       0x3c Drivers/BSP/STM32L5xx_Nucleo/stm32l5xx_nucleo.o
 .ARM.attributes
                0x000000000000009a       0x3c Drivers/STM32L5xx_HAL_Driver/Src/stm32l5xx_hal.o
 .ARM.attributes
                0x00000000000000d6       0x3c Drivers/STM32L5xx_HAL_Driver/Src/stm32l5xx_hal_cortex.o
 .ARM.attributes
                0x0000000000000112       0x3c Drivers/STM32L5xx_HAL_Driver/Src/stm32l5xx_hal_exti.o
 .ARM.attributes
                0x000000000000014e       0x3c Drivers/STM32L5xx_HAL_Driver/Src/stm32l5xx_hal_gpio.o
 .ARM.attributes
                0x000000000000018a       0x3c Drivers/STM32L5xx_HAL_Driver/Src/stm32l5xx_hal_pwr.o
 .ARM.attributes
                0x00000000000001c6       0x3c Drivers/STM32L5xx_HAL_Driver/Src/stm32l5xx_hal_pwr_ex.o
 .ARM.attributes
                0x0000000000000202       0x3c Drivers/STM32L5xx_HAL_Driver/Src/stm32l5xx_hal_rcc.o
 .ARM.attributes
                0x000000000000023e       0x3c Drivers/STM32L5xx_HAL_Driver/Src/stm32l5xx_hal_spi.o
 .ARM.attributes
                0x000000000000027a       0x3c Drivers/STM32L5xx_HAL_Driver/Src/stm32l5xx_hal_uart.o
 .ARM.attributes
                0x00000000000002b6       0x3c Drivers/STM32L5xx_HAL_Driver/Src/stm32l5xx_hal_uart_ex.o
 .ARM.attributes
                0x00000000000002f2       0x3c Middlewares/ST/BlueNRG-MS/hci/controller/bluenrg_gap_aci.o
 .ARM.attributes
                0x000000000000032e       0x3c Middlewares/ST/BlueNRG-MS/hci/controller/bluenrg_gatt_aci.o
 .ARM.attributes
                0x000000000000036a       0x3c Middlewares/ST/BlueNRG-MS/hci/controller/bluenrg_hal_aci.o
 .ARM.attributes
                0x00000000000003a6       0x3c Middlewares/ST/BlueNRG-MS/hci/controller/bluenrg_utils_small.o
 .ARM.attributes
                0x00000000000003e2       0x3c Middlewares/ST/BlueNRG-MS/hci/hci_le.o
 .ARM.attributes
                0x000000000000041e       0x3c Middlewares/ST/BlueNRG-MS/hci/hci_tl_patterns/Basic/hci_tl.o
 .ARM.attributes
                0x000000000000045a       0x3c Middlewares/ST/BlueNRG-MS/utils/ble_list.o
 .ARM.attributes
                0x0000000000000496       0x3c Src/app_bluenrg_ms.o
 .ARM.attributes
                0x00000000000004d2       0x3c Src/gatt_db.o
 .ARM.attributes
                0x000000000000050e       0x3c Src/hci_tl_interface.o
 .ARM.attributes
                0x000000000000054a       0x3c Src/main.o
 .ARM.attributes
                0x0000000000000586       0x3c Src/sensor.o
 .ARM.attributes
                0x00000000000005c2       0x3c Src/stm32l5xx_hal_msp.o
 .ARM.attributes
                0x00000000000005fe       0x3c Src/stm32l5xx_it.o
 .ARM.attributes
                0x000000000000063a       0x3c Src/stm32l5xx_nucleo_bus.o
 .ARM.attributes
                0x0000000000000676       0x3c Src/syscalls.o
 .ARM.attributes
                0x00000000000006b2       0x3c Src/sysmem.o
 .ARM.attributes
                0x00000000000006ee       0x3c Src/system_stm32l5xx.o
 .ARM.attributes
                0x000000000000072a       0x24 Startup/startup_stm32l552zetxq.o
 .ARM.attributes
                0x000000000000074e       0x38 /home/manar/st/stm32cubeide_1.3.0/plugins/com.st.stm32cube.ide.mcu.externaltools.gnu-tools-for-stm32.7-2018-q2-update.linux64_1.0.0.201904181610/tools/bin/../lib/gcc/arm-none-eabi/7.3.1/../../../../arm-none-eabi/lib/thumb/v8-m.main/fpv5-sp/hard/libc_nano.a(lib_a-errno.o)
 .ARM.attributes
                0x0000000000000786       0x38 /home/manar/st/stm32cubeide_1.3.0/plugins/com.st.stm32cube.ide.mcu.externaltools.gnu-tools-for-stm32.7-2018-q2-update.linux64_1.0.0.201904181610/tools/bin/../lib/gcc/arm-none-eabi/7.3.1/../../../../arm-none-eabi/lib/thumb/v8-m.main/fpv5-sp/hard/libc_nano.a(lib_a-impure.o)
 .ARM.attributes
                0x00000000000007be       0x38 /home/manar/st/stm32cubeide_1.3.0/plugins/com.st.stm32cube.ide.mcu.externaltools.gnu-tools-for-stm32.7-2018-q2-update.linux64_1.0.0.201904181610/tools/bin/../lib/gcc/arm-none-eabi/7.3.1/../../../../arm-none-eabi/lib/thumb/v8-m.main/fpv5-sp/hard/libc_nano.a(lib_a-init.o)
 .ARM.attributes
                0x00000000000007f6       0x38 /home/manar/st/stm32cubeide_1.3.0/plugins/com.st.stm32cube.ide.mcu.externaltools.gnu-tools-for-stm32.7-2018-q2-update.linux64_1.0.0.201904181610/tools/bin/../lib/gcc/arm-none-eabi/7.3.1/../../../../arm-none-eabi/lib/thumb/v8-m.main/fpv5-sp/hard/libc_nano.a(lib_a-memcpy-stub.o)
 .ARM.attributes
                0x000000000000082e       0x38 /home/manar/st/stm32cubeide_1.3.0/plugins/com.st.stm32cube.ide.mcu.externaltools.gnu-tools-for-stm32.7-2018-q2-update.linux64_1.0.0.201904181610/tools/bin/../lib/gcc/arm-none-eabi/7.3.1/../../../../arm-none-eabi/lib/thumb/v8-m.main/fpv5-sp/hard/libc_nano.a(lib_a-memset.o)
 .ARM.attributes
                0x0000000000000866       0x38 /home/manar/st/stm32cubeide_1.3.0/plugins/com.st.stm32cube.ide.mcu.externaltools.gnu-tools-for-stm32.7-2018-q2-update.linux64_1.0.0.201904181610/tools/bin/../lib/gcc/arm-none-eabi/7.3.1/../../../../arm-none-eabi/lib/thumb/v8-m.main/fpv5-sp/hard/libc_nano.a(lib_a-printf.o)
 .ARM.attributes
                0x000000000000089e       0x38 /home/manar/st/stm32cubeide_1.3.0/plugins/com.st.stm32cube.ide.mcu.externaltools.gnu-tools-for-stm32.7-2018-q2-update.linux64_1.0.0.201904181610/tools/bin/../lib/gcc/arm-none-eabi/7.3.1/../../../../arm-none-eabi/lib/thumb/v8-m.main/fpv5-sp/hard/libc_nano.a(lib_a-putchar.o)
 .ARM.attributes
                0x00000000000008d6       0x38 /home/manar/st/stm32cubeide_1.3.0/plugins/com.st.stm32cube.ide.mcu.externaltools.gnu-tools-for-stm32.7-2018-q2-update.linux64_1.0.0.201904181610/tools/bin/../lib/gcc/arm-none-eabi/7.3.1/../../../../arm-none-eabi/lib/thumb/v8-m.main/fpv5-sp/hard/libc_nano.a(lib_a-puts.o)
 .ARM.attributes
                0x000000000000090e       0x38 /home/manar/st/stm32cubeide_1.3.0/plugins/com.st.stm32cube.ide.mcu.externaltools.gnu-tools-for-stm32.7-2018-q2-update.linux64_1.0.0.201904181610/tools/bin/../lib/gcc/arm-none-eabi/7.3.1/../../../../arm-none-eabi/lib/thumb/v8-m.main/fpv5-sp/hard/libc_nano.a(lib_a-rand.o)
 .ARM.attributes
                0x0000000000000946       0x1b /home/manar/st/stm32cubeide_1.3.0/plugins/com.st.stm32cube.ide.mcu.externaltools.gnu-tools-for-stm32.7-2018-q2-update.linux64_1.0.0.201904181610/tools/bin/../lib/gcc/arm-none-eabi/7.3.1/../../../../arm-none-eabi/lib/thumb/v8-m.main/fpv5-sp/hard/libc_nano.a(lib_a-strlen.o)
 .ARM.attributes
                0x0000000000000961       0x38 /home/manar/st/stm32cubeide_1.3.0/plugins/com.st.stm32cube.ide.mcu.externaltools.gnu-tools-for-stm32.7-2018-q2-update.linux64_1.0.0.201904181610/tools/bin/../lib/gcc/arm-none-eabi/7.3.1/../../../../arm-none-eabi/lib/thumb/v8-m.main/fpv5-sp/hard/libc_nano.a(lib_a-wbuf.o)
 .ARM.attributes
                0x0000000000000999       0x38 /home/manar/st/stm32cubeide_1.3.0/plugins/com.st.stm32cube.ide.mcu.externaltools.gnu-tools-for-stm32.7-2018-q2-update.linux64_1.0.0.201904181610/tools/bin/../lib/gcc/arm-none-eabi/7.3.1/../../../../arm-none-eabi/lib/thumb/v8-m.main/fpv5-sp/hard/libc_nano.a(lib_a-wsetup.o)
 .ARM.attributes
                0x00000000000009d1       0x38 /home/manar/st/stm32cubeide_1.3.0/plugins/com.st.stm32cube.ide.mcu.externaltools.gnu-tools-for-stm32.7-2018-q2-update.linux64_1.0.0.201904181610/tools/bin/../lib/gcc/arm-none-eabi/7.3.1/../../../../arm-none-eabi/lib/thumb/v8-m.main/fpv5-sp/hard/libc_nano.a(lib_a-fflush.o)
 .ARM.attributes
                0x0000000000000a09       0x38 /home/manar/st/stm32cubeide_1.3.0/plugins/com.st.stm32cube.ide.mcu.externaltools.gnu-tools-for-stm32.7-2018-q2-update.linux64_1.0.0.201904181610/tools/bin/../lib/gcc/arm-none-eabi/7.3.1/../../../../arm-none-eabi/lib/thumb/v8-m.main/fpv5-sp/hard/libc_nano.a(lib_a-findfp.o)
 .ARM.attributes
                0x0000000000000a41       0x38 /home/manar/st/stm32cubeide_1.3.0/plugins/com.st.stm32cube.ide.mcu.externaltools.gnu-tools-for-stm32.7-2018-q2-update.linux64_1.0.0.201904181610/tools/bin/../lib/gcc/arm-none-eabi/7.3.1/../../../../arm-none-eabi/lib/thumb/v8-m.main/fpv5-sp/hard/libc_nano.a(lib_a-fwalk.o)
 .ARM.attributes
                0x0000000000000a79       0x38 /home/manar/st/stm32cubeide_1.3.0/plugins/com.st.stm32cube.ide.mcu.externaltools.gnu-tools-for-stm32.7-2018-q2-update.linux64_1.0.0.201904181610/tools/bin/../lib/gcc/arm-none-eabi/7.3.1/../../../../arm-none-eabi/lib/thumb/v8-m.main/fpv5-sp/hard/libc_nano.a(lib_a-makebuf.o)
 .ARM.attributes
                0x0000000000000ab1       0x38 /home/manar/st/stm32cubeide_1.3.0/plugins/com.st.stm32cube.ide.mcu.externaltools.gnu-tools-for-stm32.7-2018-q2-update.linux64_1.0.0.201904181610/tools/bin/../lib/gcc/arm-none-eabi/7.3.1/../../../../arm-none-eabi/lib/thumb/v8-m.main/fpv5-sp/hard/libc_nano.a(lib_a-malloc.o)
 .ARM.attributes
                0x0000000000000ae9       0x38 /home/manar/st/stm32cubeide_1.3.0/plugins/com.st.stm32cube.ide.mcu.externaltools.gnu-tools-for-stm32.7-2018-q2-update.linux64_1.0.0.201904181610/tools/bin/../lib/gcc/arm-none-eabi/7.3.1/../../../../arm-none-eabi/lib/thumb/v8-m.main/fpv5-sp/hard/libc_nano.a(lib_a-nano-freer.o)
 .ARM.attributes
                0x0000000000000b21       0x38 /home/manar/st/stm32cubeide_1.3.0/plugins/com.st.stm32cube.ide.mcu.externaltools.gnu-tools-for-stm32.7-2018-q2-update.linux64_1.0.0.201904181610/tools/bin/../lib/gcc/arm-none-eabi/7.3.1/../../../../arm-none-eabi/lib/thumb/v8-m.main/fpv5-sp/hard/libc_nano.a(lib_a-nano-mallocr.o)
 .ARM.attributes
                0x0000000000000b59       0x38 /home/manar/st/stm32cubeide_1.3.0/plugins/com.st.stm32cube.ide.mcu.externaltools.gnu-tools-for-stm32.7-2018-q2-update.linux64_1.0.0.201904181610/tools/bin/../lib/gcc/arm-none-eabi/7.3.1/../../../../arm-none-eabi/lib/thumb/v8-m.main/fpv5-sp/hard/libc_nano.a(lib_a-nano-vfprintf.o)
 .ARM.attributes
                0x0000000000000b91       0x38 /home/manar/st/stm32cubeide_1.3.0/plugins/com.st.stm32cube.ide.mcu.externaltools.gnu-tools-for-stm32.7-2018-q2-update.linux64_1.0.0.201904181610/tools/bin/../lib/gcc/arm-none-eabi/7.3.1/../../../../arm-none-eabi/lib/thumb/v8-m.main/fpv5-sp/hard/libc_nano.a(lib_a-nano-vfprintf_i.o)
 .ARM.attributes
                0x0000000000000bc9       0x38 /home/manar/st/stm32cubeide_1.3.0/plugins/com.st.stm32cube.ide.mcu.externaltools.gnu-tools-for-stm32.7-2018-q2-update.linux64_1.0.0.201904181610/tools/bin/../lib/gcc/arm-none-eabi/7.3.1/../../../../arm-none-eabi/lib/thumb/v8-m.main/fpv5-sp/hard/libc_nano.a(lib_a-putc.o)
 .ARM.attributes
                0x0000000000000c01       0x38 /home/manar/st/stm32cubeide_1.3.0/plugins/com.st.stm32cube.ide.mcu.externaltools.gnu-tools-for-stm32.7-2018-q2-update.linux64_1.0.0.201904181610/tools/bin/../lib/gcc/arm-none-eabi/7.3.1/../../../../arm-none-eabi/lib/thumb/v8-m.main/fpv5-sp/hard/libc_nano.a(lib_a-sbrkr.o)
 .ARM.attributes
                0x0000000000000c39       0x38 /home/manar/st/stm32cubeide_1.3.0/plugins/com.st.stm32cube.ide.mcu.externaltools.gnu-tools-for-stm32.7-2018-q2-update.linux64_1.0.0.201904181610/tools/bin/../lib/gcc/arm-none-eabi/7.3.1/../../../../arm-none-eabi/lib/thumb/v8-m.main/fpv5-sp/hard/libc_nano.a(lib_a-stdio.o)
 .ARM.attributes
                0x0000000000000c71       0x38 /home/manar/st/stm32cubeide_1.3.0/plugins/com.st.stm32cube.ide.mcu.externaltools.gnu-tools-for-stm32.7-2018-q2-update.linux64_1.0.0.201904181610/tools/bin/../lib/gcc/arm-none-eabi/7.3.1/../../../../arm-none-eabi/lib/thumb/v8-m.main/fpv5-sp/hard/libc_nano.a(lib_a-writer.o)
 .ARM.attributes
                0x0000000000000ca9       0x38 /home/manar/st/stm32cubeide_1.3.0/plugins/com.st.stm32cube.ide.mcu.externaltools.gnu-tools-for-stm32.7-2018-q2-update.linux64_1.0.0.201904181610/tools/bin/../lib/gcc/arm-none-eabi/7.3.1/../../../../arm-none-eabi/lib/thumb/v8-m.main/fpv5-sp/hard/libc_nano.a(lib_a-closer.o)
 .ARM.attributes
                0x0000000000000ce1       0x38 /home/manar/st/stm32cubeide_1.3.0/plugins/com.st.stm32cube.ide.mcu.externaltools.gnu-tools-for-stm32.7-2018-q2-update.linux64_1.0.0.201904181610/tools/bin/../lib/gcc/arm-none-eabi/7.3.1/../../../../arm-none-eabi/lib/thumb/v8-m.main/fpv5-sp/hard/libc_nano.a(lib_a-fstatr.o)
 .ARM.attributes
                0x0000000000000d19       0x38 /home/manar/st/stm32cubeide_1.3.0/plugins/com.st.stm32cube.ide.mcu.externaltools.gnu-tools-for-stm32.7-2018-q2-update.linux64_1.0.0.201904181610/tools/bin/../lib/gcc/arm-none-eabi/7.3.1/../../../../arm-none-eabi/lib/thumb/v8-m.main/fpv5-sp/hard/libc_nano.a(lib_a-isattyr.o)
 .ARM.attributes